Archive member included to satisfy reference by file (symbol)

/home/emileny/.pico-sdk/toolchain/13_2_Rel1/bin/../lib/gcc/arm-none-eabi/13.2.1/thumb/v6-m/nofp/libgcc.a(_dvmd_tls.o)
                              CMakeFiles/joystick.dir/home/emileny/.pico-sdk/sdk/1.5.1/src/rp2_common/pico_divider/divider.S.obj (__aeabi_idiv0)
/home/emileny/.pico-sdk/toolchain/13_2_Rel1/bin/../lib/gcc/arm-none-eabi/13.2.1/../../../../arm-none-eabi/lib/thumb/v6-m/nofp/libc.a(libc_a-strncmp.o)
                              CMakeFiles/joystick.dir/home/emileny/.pico-sdk/sdk/1.5.1/lib/lwip/src/core/def.c.obj (strncmp)
/home/emileny/.pico-sdk/toolchain/13_2_Rel1/bin/../lib/gcc/arm-none-eabi/13.2.1/../../../../arm-none-eabi/lib/thumb/v6-m/nofp/libc.a(libc_a-malloc.o)
                              CMakeFiles/joystick.dir/home/emileny/.pico-sdk/sdk/1.5.1/src/rp2_common/pico_malloc/pico_malloc.c.obj (malloc)
/home/emileny/.pico-sdk/toolchain/13_2_Rel1/bin/../lib/gcc/arm-none-eabi/13.2.1/../../../../arm-none-eabi/lib/thumb/v6-m/nofp/libc.a(libc_a-mallocr.o)
                              /home/emileny/.pico-sdk/toolchain/13_2_Rel1/bin/../lib/gcc/arm-none-eabi/13.2.1/../../../../arm-none-eabi/lib/thumb/v6-m/nofp/libc.a(libc_a-malloc.o) (_malloc_r)
/home/emileny/.pico-sdk/toolchain/13_2_Rel1/bin/../lib/gcc/arm-none-eabi/13.2.1/../../../../arm-none-eabi/lib/thumb/v6-m/nofp/libc.a(libc_a-memcmp.o)
                              CMakeFiles/joystick.dir/home/emileny/.pico-sdk/sdk/1.5.1/lib/lwip/src/core/ipv4/acd.c.obj (memcmp)
/home/emileny/.pico-sdk/toolchain/13_2_Rel1/bin/../lib/gcc/arm-none-eabi/13.2.1/../../../../arm-none-eabi/lib/thumb/v6-m/nofp/libc.a(libc_a-memmove.o)
                              CMakeFiles/joystick.dir/home/emileny/.pico-sdk/sdk/1.5.1/lib/lwip/src/core/def.c.obj (memmove)
/home/emileny/.pico-sdk/toolchain/13_2_Rel1/bin/../lib/gcc/arm-none-eabi/13.2.1/../../../../arm-none-eabi/lib/thumb/v6-m/nofp/libc.a(libc_a-init.o)
                              /home/emileny/.pico-sdk/toolchain/13_2_Rel1/bin/../lib/gcc/arm-none-eabi/13.2.1/../../../../arm-none-eabi/lib/thumb/v6-m/nofp/crt0.o (__libc_init_array)
/home/emileny/.pico-sdk/toolchain/13_2_Rel1/bin/../lib/gcc/arm-none-eabi/13.2.1/../../../../arm-none-eabi/lib/thumb/v6-m/nofp/libc.a(libc_a-sysconf.o)
                              /home/emileny/.pico-sdk/toolchain/13_2_Rel1/bin/../lib/gcc/arm-none-eabi/13.2.1/../../../../arm-none-eabi/lib/thumb/v6-m/nofp/libc.a(libc_a-mallocr.o) (sysconf)
/home/emileny/.pico-sdk/toolchain/13_2_Rel1/bin/../lib/gcc/arm-none-eabi/13.2.1/../../../../arm-none-eabi/lib/thumb/v6-m/nofp/libc.a(libc_a-mlock.o)
                              /home/emileny/.pico-sdk/toolchain/13_2_Rel1/bin/../lib/gcc/arm-none-eabi/13.2.1/../../../../arm-none-eabi/lib/thumb/v6-m/nofp/libc.a(libc_a-mallocr.o) (__malloc_lock)
/home/emileny/.pico-sdk/toolchain/13_2_Rel1/bin/../lib/gcc/arm-none-eabi/13.2.1/../../../../arm-none-eabi/lib/thumb/v6-m/nofp/libc.a(libc_a-atoi.o)
                              CMakeFiles/joystick.dir/home/emileny/.pico-sdk/sdk/1.5.1/lib/lwip/src/core/netif.c.obj (atoi)
/home/emileny/.pico-sdk/toolchain/13_2_Rel1/bin/../lib/gcc/arm-none-eabi/13.2.1/../../../../arm-none-eabi/lib/thumb/v6-m/nofp/libc.a(libc_a-calloc.o)
                              CMakeFiles/joystick.dir/home/emileny/.pico-sdk/sdk/1.5.1/src/rp2_common/pico_malloc/pico_malloc.c.obj (calloc)
/home/emileny/.pico-sdk/toolchain/13_2_Rel1/bin/../lib/gcc/arm-none-eabi/13.2.1/../../../../arm-none-eabi/lib/thumb/v6-m/nofp/libc.a(libc_a-callocr.o)
                              /home/emileny/.pico-sdk/toolchain/13_2_Rel1/bin/../lib/gcc/arm-none-eabi/13.2.1/../../../../arm-none-eabi/lib/thumb/v6-m/nofp/libc.a(libc_a-calloc.o) (_calloc_r)
/home/emileny/.pico-sdk/toolchain/13_2_Rel1/bin/../lib/gcc/arm-none-eabi/13.2.1/../../../../arm-none-eabi/lib/thumb/v6-m/nofp/libc.a(libc_a-realloc.o)
                              CMakeFiles/joystick.dir/home/emileny/.pico-sdk/sdk/1.5.1/src/rp2_common/pico_malloc/pico_malloc.c.obj (realloc)
/home/emileny/.pico-sdk/toolchain/13_2_Rel1/bin/../lib/gcc/arm-none-eabi/13.2.1/../../../../arm-none-eabi/lib/thumb/v6-m/nofp/libc.a(libc_a-ctype_.o)
                              CMakeFiles/joystick.dir/home/emileny/.pico-sdk/sdk/1.5.1/lib/lwip/src/core/dns.c.obj (_ctype_)
/home/emileny/.pico-sdk/toolchain/13_2_Rel1/bin/../lib/gcc/arm-none-eabi/13.2.1/../../../../arm-none-eabi/lib/thumb/v6-m/nofp/libc.a(libc_a-impure.o)
                              /home/emileny/.pico-sdk/toolchain/13_2_Rel1/bin/../lib/gcc/arm-none-eabi/13.2.1/../../../../arm-none-eabi/lib/thumb/v6-m/nofp/libc.a(libc_a-malloc.o) (_impure_ptr)
/home/emileny/.pico-sdk/toolchain/13_2_Rel1/bin/../lib/gcc/arm-none-eabi/13.2.1/../../../../arm-none-eabi/lib/thumb/v6-m/nofp/libc.a(libc_a-findfp.o)
                              /home/emileny/.pico-sdk/toolchain/13_2_Rel1/bin/../lib/gcc/arm-none-eabi/13.2.1/../../../../arm-none-eabi/lib/thumb/v6-m/nofp/libc.a(libc_a-impure.o) (__sf)
[...]
Memory Configuration

Name             Origin             Length             Attributes
FLASH            0x10000000         0x00200000         xr
RAM              0x20000000         0x00040000         xrw
SCRATCH_X        0x20040000         0x00001000         xrw
SCRATCH_Y        0x20041000         0x00001000         xrw
*default*        0x00000000         0xffffffff

Linker script and memory map

LOAD /home/emileny/.pico-sdk/toolchain/13_2_Rel1/bin/../lib/gcc/arm-none-eabi/13.2.1/thumb/v6-m/nofp/crti.o
LOAD /home/emileny/.pico-sdk/toolchain/13_2_Rel1/bin/../lib/gcc/arm-none-eabi/13.2.1/thumb/v6-m/nofp/crtbegin.o
LOAD /home/emileny/.pico-sdk/toolchain/13_2_Rel1/bin/../lib/gcc/arm-none-eabi/13.2.1/../../../../arm-none-eabi/lib/thumb/v6-m/nofp/crt0.o

.flash_begin    0x10000000        0x0
                0x10000000                        __flash_binary_start = .

.boot2          0x10000000      0x100
                0x10000000                        __boot2_start__ = .
 *(.boot2)
 .boot2         0x10000000      0x100 /tmp/ccNYSq9u.o
                0x10000100                        __boot2_end__ = .
                0x00000001                        ASSERT (((__boot2_end__ - __boot2_start__) == 0x100), ERROR: Pico second stage bootloader must be 256 bytes in size)

.text           0x10000100    0x19fd0
                0x10000100                        __logical_binary_start = .
 *(.vectors)
 .vectors       0x10000100       0xd4 CMakeFiles/joystick.dir/home/emileny/.pico-sdk/sdk/1.5.1/src/rp2_common/pico_standard_link/crt0.S.obj
                0x10000100                __vectors
                0x10000100                __VECTOR_TABLE
                0x100001c0                isr_invalid
                0x100001c0                __default_isrs_start
                0x100001c2                isr_nmi
                0x100001c4                isr_hardfault
                0x100001c6                isr_svcall
                0x100001c8                isr_pendsv
                0x100001ca                isr_systick
                0x100001cc                isr_irq30
                0x100001cc                __unhandled_user_irq
                0x100001cc                isr_irq13
                0x100001cc                isr_irq27
                0x100001cc                isr_irq31
                0x100001cc                isr_irq5
                0x100001cc                isr_irq11
                0x100001cc                isr_irq23
                0x100001cc                isr_irq18
                0x100001cc                isr_irq28
                0x100001cc                isr_irq19
                0x100001cc                isr_irq0
                0x100001cc                isr_irq6
                0x100001cc                isr_irq22
                0x100001cc                isr_irq17
                0x100001cc                isr_irq14
                0x100001cc                isr_irq2
                0x100001cc                isr_irq10
                0x100001cc                isr_irq8
                0x100001cc                isr_irq24
                0x100001cc                isr_irq1
                0x100001cc                isr_irq7
                0x100001cc                isr_irq21
                0x100001cc                isr_irq20
                0x100001cc                isr_irq15
                0x100001cc                isr_irq25
                0x100001cc                isr_irq4
                0x100001cc                isr_irq16
                0x100001cc                isr_irq29
                0x100001cc                isr_irq26
                0x100001cc                __default_isrs_end
                0x100001cc                isr_irq3
                0x100001cc                isr_irq12
                0x100001cc                isr_irq9
                0x100001d2                unhandled_user_irq_num_in_r0
 *(.binary_info_header)
 .binary_info_header
                0x100001d4       0x14 CMakeFiles/joystick.dir/home/emileny/.pico-sdk/sdk/1.5.1/src/rp2_common/pico_standard_link/crt0.S.obj
                0x100001e8                        __binary_info_header_end = .
 *(.reset)
 .reset         0x100001e8       0xa0 CMakeFiles/joystick.dir/home/emileny/.pico-sdk/sdk/1.5.1/src/rp2_common/pico_standard_link/crt0.S.obj
                0x100001e8                _entry_point
 .reset         0x10000288       0x30 CMakeFiles/joystick.dir/home/emileny/.pico-sdk/sdk/1.5.1/src/rp2_common/pico_standard_link/binary_info.c.obj
 *(.init)
 .init          0x100002b8        0x4 /home/emileny/.pico-sdk/toolchain/13_2_Rel1/bin/../lib/gcc/arm-none-eabi/13.2.1/thumb/v6-m/nofp/crti.o
                0x100002b8                _init
 *(EXCLUDE_FILE(*libm.a: *libc.a:*lib_a-mem*.o *libgcc.a:) .text*)
 .text.register_tm_clones
                0x100002bc       0x28 /home/emileny/.pico-sdk/toolchain/13_2_Rel1/bin/../lib/gcc/arm-none-eabi/13.2.1/thumb/v6-m/nofp/crtbegin.o
 .text.frame_dummy
                0x100002e4       0x24 /home/emileny/.pico-sdk/toolchain/13_2_Rel1/bin/../lib/gcc/arm-none-eabi/13.2.1/thumb/v6-m/nofp/crtbegin.o
 .text.adc_gpio_init
                0x10000308       0x20 CMakeFiles/joystick.dir/joystick.c.obj
 .text.joystick_task
                0x10000328      0x110 CMakeFiles/joystick.dir/joystick.c.obj
                0x10000328                joystick_task
 .text.startup.main
                0x10000438       0x90 CMakeFiles/joystick.dir/main.c.obj
                0x10000438                main
 .text.tcp_server_accept
                0x100004c8       0x14 CMakeFiles/joystick.dir/wifi.c.obj
 .text.tcp_server_recv
                0x100004dc       0xc4 CMakeFiles/joystick.dir/wifi.c.obj
 .text.wifi_task
                0x100005a0       0xf8 CMakeFiles/joystick.dir/wifi.c.obj
                0x100005a0                wifi_task
 .text.gpio_set_function
                0x10000698       0x30 CMakeFiles/joystick.dir/home/emileny/.pico-sdk/sdk/1.5.1/src/rp2_common/hardware_gpio/gpio.c.obj
                0x10000698                gpio_set_function
 .text.gpio_set_pulls
                0x100006c8       0x24 CMakeFiles/joystick.dir/home/emileny/.pico-sdk/sdk/1.5.1/src/rp2_common/hardware_gpio/gpio.c.obj
                0x100006c8                gpio_set_pulls
 .text.gpio_set_input_hysteresis_enabled
                0x100006ec       0x28 CMakeFiles/joystick.dir/home/emileny/.pico-sdk/sdk/1.5.1/src/rp2_common/hardware_gpio/gpio.c.obj
                0x100006ec                gpio_set_input_hysteresis_enabled
 .text.gpio_set_irq_enabled
                0x10000714       0x54 CMakeFiles/joystick.dir/home/emileny/.pico-sdk/sdk/1.5.1/src/rp2_common/hardware_gpio/gpio.c.obj
                0x10000714                gpio_set_irq_enabled
 .text.gpio_add_raw_irq_handler_with_order_priority_masked
                0x10000768       0x44 CMakeFiles/joystick.dir/home/emileny/.pico-sdk/sdk/1.5.1/src/rp2_common/hardware_gpio/gpio.c.obj
                0x10000768                gpio_add_raw_irq_handler_with_order_priority_masked
 .text.gpio_remove_raw_irq_handler_masked
                0x100007ac       0x20 CMakeFiles/joystick.dir/home/emileny/.pico-sdk/sdk/1.5.1/src/rp2_common/hardware_gpio/gpio.c.obj
                0x100007ac                gpio_remove_raw_irq_handler_masked
 .text.gpio_set_input_enabled
                0x100007cc       0x28 CMakeFiles/joystick.dir/home/emileny/.pico-sdk/sdk/1.5.1/src/rp2_common/hardware_gpio/gpio.c.obj
                0x100007cc                gpio_set_input_enabled
 .text.gpio_init
                0x100007f4       0x3c CMakeFiles/joystick.dir/home/emileny/.pico-sdk/sdk/1.5.1/src/rp2_common/hardware_gpio/gpio.c.obj
                0x100007f4                gpio_init
 .text.running_on_fpga
                0x10000830       0x10 CMakeFiles/joystick.dir/home/emileny/.pico-sdk/sdk/1.5.1/src/rp2_common/pico_platform/platform.c.obj
                0x10000830                running_on_fpga
 .text.hw_claim_lock
                0x10000840       0x18 CMakeFiles/joystick.dir/home/emileny/.pico-sdk/sdk/1.5.1/src/rp2_common/hardware_claim/claim.c.obj
                0x10000840                hw_claim_lock
 .text.hw_claim_unlock
                0x10000858       0x14 CMakeFiles/joystick.dir/home/emileny/.pico-sdk/sdk/1.5.1/src/rp2_common/hardware_claim/claim.c.obj
                0x10000858                hw_claim_unlock
 .text.hw_claim_or_assert
                0x1000086c       0x44 CMakeFiles/joystick.dir/home/emileny/.pico-sdk/sdk/1.5.1/src/rp2_common/hardware_claim/claim.c.obj
                0x1000086c                hw_claim_or_assert
 .text.hw_claim_unused_from_range
                0x100008b0       0x9c CMakeFiles/joystick.dir/home/emileny/.pico-sdk/sdk/1.5.1/src/rp2_common/hardware_claim/claim.c.obj
                0x100008b0                hw_claim_unused_from_range
 .text.hw_claim_clear
                0x1000094c       0x38 CMakeFiles/joystick.dir/home/emileny/.pico-sdk/sdk/1.5.1/src/rp2_common/hardware_claim/claim.c.obj
                0x1000094c                hw_claim_clear
 .text.spin_locks_reset
                0x10000984       0x1c CMakeFiles/joystick.dir/home/emileny/.pico-sdk/sdk/1.5.1/src/rp2_common/hardware_sync/sync.c.obj
                0x10000984                spin_locks_reset
 .text.next_striped_spin_lock_num
                0x100009a0       0x18 CMakeFiles/joystick.dir/home/emileny/.pico-sdk/sdk/1.5.1/src/rp2_common/hardware_sync/sync.c.obj
                0x100009a0                next_striped_spin_lock_num
 .text.spin_lock_claim_unused
                0x100009b8       0x24 CMakeFiles/joystick.dir/home/emileny/.pico-sdk/sdk/1.5.1/src/rp2_common/hardware_sync/sync.c.obj
                0x100009b8                spin_lock_claim_unused
 .text.irq_set_enabled
                0x100009dc       0x24 CMakeFiles/joystick.dir/home/emileny/.pico-sdk/sdk/1.5.1/src/rp2_common/hardware_irq/irq.c.obj
                0x100009dc                irq_set_enabled
 .text.irq_set_pending
                0x10000a00       0x10 CMakeFiles/joystick.dir/home/emileny/.pico-sdk/sdk/1.5.1/src/rp2_common/hardware_irq/irq.c.obj
                0x10000a00                irq_set_pending
 .text.irq_has_shared_handler
                0x10000a10       0x2c CMakeFiles/joystick.dir/home/emileny/.pico-sdk/sdk/1.5.1/src/rp2_common/hardware_irq/irq.c.obj
                0x10000a10                irq_has_shared_handler
 .text.irq_get_vtable_handler
                0x10000a3c       0x10 CMakeFiles/joystick.dir/home/emileny/.pico-sdk/sdk/1.5.1/src/rp2_common/hardware_irq/irq.c.obj
                0x10000a3c                irq_get_vtable_handler
 .text.irq_set_exclusive_handler
                0x10000a4c       0x54 CMakeFiles/joystick.dir/home/emileny/.pico-sdk/sdk/1.5.1/src/rp2_common/hardware_irq/irq.c.obj
                0x10000a4c                irq_set_exclusive_handler
 .text.irq_add_shared_handler
                0x10000aa0      0x1f4 CMakeFiles/joystick.dir/home/emileny/.pico-sdk/sdk/1.5.1/src/rp2_common/hardware_irq/irq.c.obj
                0x10000aa0                irq_add_shared_handler
 .text.irq_remove_handler
                0x10000c94      0x1c4 CMakeFiles/joystick.dir/home/emileny/.pico-sdk/sdk/1.5.1/src/rp2_common/hardware_irq/irq.c.obj
                0x10000c94                irq_remove_handler
 .text.irq_set_priority
                0x10000e58       0x28 CMakeFiles/joystick.dir/home/emileny/.pico-sdk/sdk/1.5.1/src/rp2_common/hardware_irq/irq.c.obj
                0x10000e58                irq_set_priority
 .text.irq_add_tail_to_free_list
                0x10000e80       0xb4 CMakeFiles/joystick.dir/home/emileny/.pico-sdk/sdk/1.5.1/src/rp2_common/hardware_irq/irq.c.obj
                0x10000e80                irq_add_tail_to_free_list
 .text.irq_init_priorities
                0x10000f34       0x24 CMakeFiles/joystick.dir/home/emileny/.pico-sdk/sdk/1.5.1/src/rp2_common/hardware_irq/irq.c.obj
                0x10000f34                irq_init_priorities
 .text.user_irq_unclaim
                0x10000f58       0x14 CMakeFiles/joystick.dir/home/emileny/.pico-sdk/sdk/1.5.1/src/rp2_common/hardware_irq/irq.c.obj
                0x10000f58                user_irq_unclaim
 .text.user_irq_claim_unused
                0x10000f6c       0x2c CMakeFiles/joystick.dir/home/emileny/.pico-sdk/sdk/1.5.1/src/rp2_common/hardware_irq/irq.c.obj
                0x10000f6c                user_irq_claim_unused
 .text.sem_init
                0x10000f98       0x20 CMakeFiles/joystick.dir/home/emileny/.pico-sdk/sdk/1.5.1/src/common/pico_sync/sem.c.obj
                0x10000f98                sem_init
 .text.lock_init
                0x10000fb8       0x10 CMakeFiles/joystick.dir/home/emileny/.pico-sdk/sdk/1.5.1/src/common/pico_sync/lock_core.c.obj
                0x10000fb8                lock_init
 .text.mutex_init
                0x10000fc8       0x1c CMakeFiles/joystick.dir/home/emileny/.pico-sdk/sdk/1.5.1/src/common/pico_sync/mutex.c.obj
                0x10000fc8                mutex_init
 .text.recursive_mutex_init
                0x10000fe4       0x20 CMakeFiles/joystick.dir/home/emileny/.pico-sdk/sdk/1.5.1/src/common/pico_sync/mutex.c.obj
                0x10000fe4                recursive_mutex_init
 .text.critical_section_init
                0x10001004       0x1c CMakeFiles/joystick.dir/home/emileny/.pico-sdk/sdk/1.5.1/src/common/pico_sync/critical_section.c.obj
                0x10001004                critical_section_init
 .text.critical_section_init_with_lock_num
                0x10001020       0x14 CMakeFiles/joystick.dir/home/emileny/.pico-sdk/sdk/1.5.1/src/common/pico_sync/critical_section.c.obj
                0x10001020                critical_section_init_with_lock_num
 .text.timer_pool_entry_comparator
                0x10001034       0x34 CMakeFiles/joystick.dir/home/emileny/.pico-sdk/sdk/1.5.1/src/common/pico_time/time.c.obj
                0x10001034                timer_pool_entry_comparator
 .text.sleep_until_callback
                0x10001068       0x24 CMakeFiles/joystick.dir/home/emileny/.pico-sdk/sdk/1.5.1/src/common/pico_time/time.c.obj
 .text.add_alarm_under_lock.isra.0
                0x1000108c      0x100 CMakeFiles/joystick.dir/home/emileny/.pico-sdk/sdk/1.5.1/src/common/pico_time/time.c.obj
 .text.alarm_pool_alarm_callback
                0x1000118c      0x1c0 CMakeFiles/joystick.dir/home/emileny/.pico-sdk/sdk/1.5.1/src/common/pico_time/time.c.obj
 .text.alarm_pool_init_default
                0x1000134c       0x6c CMakeFiles/joystick.dir/home/emileny/.pico-sdk/sdk/1.5.1/src/common/pico_time/time.c.obj
                0x1000134c                alarm_pool_init_default
 .text.alarm_pool_get_default
                0x100013b8        0x8 CMakeFiles/joystick.dir/home/emileny/.pico-sdk/sdk/1.5.1/src/common/pico_time/time.c.obj
                0x100013b8                alarm_pool_get_default
 .text.alarm_pool_create_with_unused_hardware_alarm
                0x100013c0       0x74 CMakeFiles/joystick.dir/home/emileny/.pico-sdk/sdk/1.5.1/src/common/pico_time/time.c.obj
                0x100013c0                alarm_pool_create_with_unused_hardware_alarm
 .text.alarm_pool_destroy
                0x10001434       0x44 CMakeFiles/joystick.dir/home/emileny/.pico-sdk/sdk/1.5.1/src/common/pico_time/time.c.obj
                0x10001434                alarm_pool_destroy
 .text.alarm_pool_add_alarm_at
                0x10001478      0x17c CMakeFiles/joystick.dir/home/emileny/.pico-sdk/sdk/1.5.1/src/common/pico_time/time.c.obj
                0x10001478                alarm_pool_add_alarm_at
 .text.alarm_pool_add_alarm_at_force_in_context
                0x100015f4      0x114 CMakeFiles/joystick.dir/home/emileny/.pico-sdk/sdk/1.5.1/src/common/pico_time/time.c.obj
                0x100015f4                alarm_pool_add_alarm_at_force_in_context
 .text.alarm_pool_cancel_alarm
                0x10001708       0x70 CMakeFiles/joystick.dir/home/emileny/.pico-sdk/sdk/1.5.1/src/common/pico_time/time.c.obj
                0x10001708                alarm_pool_cancel_alarm
 .text.alarm_pool_core_num
                0x10001778        0x4 CMakeFiles/joystick.dir/home/emileny/.pico-sdk/sdk/1.5.1/src/common/pico_time/time.c.obj
                0x10001778                alarm_pool_core_num
 .text.sleep_until
                0x1000177c       0xbc CMakeFiles/joystick.dir/home/emileny/.pico-sdk/sdk/1.5.1/src/common/pico_time/time.c.obj
                0x1000177c                sleep_until
 .text.sleep_ms
                0x10001838       0x38 CMakeFiles/joystick.dir/home/emileny/.pico-sdk/sdk/1.5.1/src/common/pico_time/time.c.obj
                0x10001838                sleep_ms
 .text.best_effort_wfe_or_timeout
                0x10001870       0xcc CMakeFiles/joystick.dir/home/emileny/.pico-sdk/sdk/1.5.1/src/common/pico_time/time.c.obj
                0x10001870                best_effort_wfe_or_timeout
 .text.hardware_alarm_irq_handler
                0x1000193c       0xbc CMakeFiles/joystick.dir/home/emileny/.pico-sdk/sdk/1.5.1/src/rp2_common/hardware_timer/timer.c.obj
 .text.hardware_alarm_claim
                0x100019f8       0x18 CMakeFiles/joystick.dir/home/emileny/.pico-sdk/sdk/1.5.1/src/rp2_common/hardware_timer/timer.c.obj
                0x100019f8                hardware_alarm_claim
 .text.hardware_alarm_unclaim
                0x10001a10       0x14 CMakeFiles/joystick.dir/home/emileny/.pico-sdk/sdk/1.5.1/src/rp2_common/hardware_timer/timer.c.obj
                0x10001a10                hardware_alarm_unclaim
 .text.hardware_alarm_claim_unused
                0x10001a24       0x24 CMakeFiles/joystick.dir/home/emileny/.pico-sdk/sdk/1.5.1/src/rp2_common/hardware_timer/timer.c.obj
                0x10001a24                hardware_alarm_claim_unused
 .text.time_us_64
                0x10001a48       0x14 CMakeFiles/joystick.dir/home/emileny/.pico-sdk/sdk/1.5.1/src/rp2_common/hardware_timer/timer.c.obj
                0x10001a48                time_us_64
 .text.busy_wait_until
                0x10001a5c       0x20 CMakeFiles/joystick.dir/home/emileny/.pico-sdk/sdk/1.5.1/src/rp2_common/hardware_timer/timer.c.obj
                0x10001a5c                busy_wait_until
 .text.hardware_alarm_set_callback
                0x10001a7c       0x8c CMakeFiles/joystick.dir/home/emileny/.pico-sdk/sdk/1.5.1/src/rp2_common/hardware_timer/timer.c.obj
                0x10001a7c                hardware_alarm_set_callback
 .text.hardware_alarm_set_target
                0x10001b08       0xd0 CMakeFiles/joystick.dir/home/emileny/.pico-sdk/sdk/1.5.1/src/rp2_common/hardware_timer/timer.c.obj
                0x10001b08                hardware_alarm_set_target
 .text.hardware_alarm_cancel
                0x10001bd8       0x3c CMakeFiles/joystick.dir/home/emileny/.pico-sdk/sdk/1.5.1/src/rp2_common/hardware_timer/timer.c.obj
                0x10001bd8                hardware_alarm_cancel
 .text.hardware_alarm_force_irq
                0x10001c14       0x3c CMakeFiles/joystick.dir/home/emileny/.pico-sdk/sdk/1.5.1/src/rp2_common/hardware_timer/timer.c.obj
                0x10001c14                hardware_alarm_force_irq
 .text.ph_merge_nodes
                0x10001c50       0x58 CMakeFiles/joystick.dir/home/emileny/.pico-sdk/sdk/1.5.1/src/common/pico_util/pheap.c.obj
 .text.ph_create
                0x10001ca8       0x60 CMakeFiles/joystick.dir/home/emileny/.pico-sdk/sdk/1.5.1/src/common/pico_util/pheap.c.obj
                0x10001ca8                ph_create
 .text.ph_post_alloc_init
                0x10001d08       0x3c CMakeFiles/joystick.dir/home/emileny/.pico-sdk/sdk/1.5.1/src/common/pico_util/pheap.c.obj
                0x10001d08                ph_post_alloc_init
 .text.ph_destroy
                0x10001d44       0x14 CMakeFiles/joystick.dir/home/emileny/.pico-sdk/sdk/1.5.1/src/common/pico_util/pheap.c.obj
                0x10001d44                ph_destroy
 .text.ph_merge_two_pass
                0x10001d58       0x8c CMakeFiles/joystick.dir/home/emileny/.pico-sdk/sdk/1.5.1/src/common/pico_util/pheap.c.obj
                0x10001d58                ph_merge_two_pass
 .text.ph_remove_any_head
                0x10001de4      0x100 CMakeFiles/joystick.dir/home/emileny/.pico-sdk/sdk/1.5.1/src/common/pico_util/pheap.c.obj
 .text.ph_remove_head
                0x10001ee4      0x104 CMakeFiles/joystick.dir/home/emileny/.pico-sdk/sdk/1.5.1/src/common/pico_util/pheap.c.obj
                0x10001ee4                ph_remove_head
 .text.ph_remove_and_free_node
                0x10001fe8       0x78 CMakeFiles/joystick.dir/home/emileny/.pico-sdk/sdk/1.5.1/src/common/pico_util/pheap.c.obj
                0x10001fe8                ph_remove_and_free_node
 .text.clocks_init
                0x10002060      0x2c8 CMakeFiles/joystick.dir/home/emileny/.pico-sdk/sdk/1.5.1/src/rp2_common/hardware_clocks/clocks.c.obj
                0x10002060                clocks_init
 .text.clock_get_hz
                0x10002328        0xc CMakeFiles/joystick.dir/home/emileny/.pico-sdk/sdk/1.5.1/src/rp2_common/hardware_clocks/clocks.c.obj
                0x10002328                clock_get_hz
 .text.pll_init
                0x10002334       0xa4 CMakeFiles/joystick.dir/home/emileny/.pico-sdk/sdk/1.5.1/src/rp2_common/hardware_pll/pll.c.obj
                0x10002334                pll_init
 .text.watchdog_start_tick
                0x100023d8       0x10 CMakeFiles/joystick.dir/home/emileny/.pico-sdk/sdk/1.5.1/src/rp2_common/hardware_watchdog/watchdog.c.obj
                0x100023d8                watchdog_start_tick
 .text.watchdog_reboot
                0x100023e8       0x9c CMakeFiles/joystick.dir/home/emileny/.pico-sdk/sdk/1.5.1/src/rp2_common/hardware_watchdog/watchdog.c.obj
                0x100023e8                watchdog_reboot
 .text.xosc_init
                0x10002484       0x28 CMakeFiles/joystick.dir/home/emileny/.pico-sdk/sdk/1.5.1/src/rp2_common/hardware_xosc/xosc.c.obj
                0x10002484                xosc_init
 .text.runtime_init
                0x100024ac       0xf0 CMakeFiles/joystick.dir/home/emileny/.pico-sdk/sdk/1.5.1/src/rp2_common/pico_runtime/runtime.c.obj
                0x100024ac                runtime_init
 .text._exit    0x1000259c        0x4 CMakeFiles/joystick.dir/home/emileny/.pico-sdk/sdk/1.5.1/src/rp2_common/pico_runtime/runtime.c.obj
                0x1000259c                _exit
 .text._sbrk    0x100025a0       0x34 CMakeFiles/joystick.dir/home/emileny/.pico-sdk/sdk/1.5.1/src/rp2_common/pico_runtime/runtime.c.obj
                0x100025a0                _sbrk
 .text.exit     0x100025d4        0x8 CMakeFiles/joystick.dir/home/emileny/.pico-sdk/sdk/1.5.1/src/rp2_common/pico_runtime/runtime.c.obj
                0x100025d4                exit
 .text.panic    0x100025dc       0x30 CMakeFiles/joystick.dir/home/emileny/.pico-sdk/sdk/1.5.1/src/rp2_common/pico_runtime/runtime.c.obj
                0x100025dc                panic
 .text.panic_unsupported
                0x1000260c        0xc CMakeFiles/joystick.dir/home/emileny/.pico-sdk/sdk/1.5.1/src/rp2_common/pico_runtime/runtime.c.obj
                0x1000260c                panic_unsupported
 .text.hard_assertion_failure
                0x10002618        0xc CMakeFiles/joystick.dir/home/emileny/.pico-sdk/sdk/1.5.1/src/rp2_common/pico_runtime/runtime.c.obj
                0x10002618                hard_assertion_failure
 .text._out_buffer
                0x10002624        0x8 CMakeFiles/joystick.dir/home/emileny/.pico-sdk/sdk/1.5.1/src/rp2_common/pico_printf/printf.c.obj
 .text._out_null
                0x1000262c        0x4 CMakeFiles/joystick.dir/home/emileny/.pico-sdk/sdk/1.5.1/src/rp2_common/pico_printf/printf.c.obj
 .text._out_rev
                0x10002630       0xac CMakeFiles/joystick.dir/home/emileny/.pico-sdk/sdk/1.5.1/src/rp2_common/pico_printf/printf.c.obj
 .text._ntoa_format
                0x100026dc      0x250 CMakeFiles/joystick.dir/home/emileny/.pico-sdk/sdk/1.5.1/src/rp2_common/pico_printf/printf.c.obj
 .text._out_char
                0x1000292c       0x10 CMakeFiles/joystick.dir/home/emileny/.pico-sdk/sdk/1.5.1/src/rp2_common/pico_printf/printf.c.obj
 .text._out_fct
                0x1000293c       0x10 CMakeFiles/joystick.dir/home/emileny/.pico-sdk/sdk/1.5.1/src/rp2_common/pico_printf/printf.c.obj
 .text._etoa    0x1000294c      0x464 CMakeFiles/joystick.dir/home/emileny/.pico-sdk/sdk/1.5.1/src/rp2_common/pico_printf/printf.c.obj
 .text._ftoa    0x10002db0      0x3c0 CMakeFiles/joystick.dir/home/emileny/.pico-sdk/sdk/1.5.1/src/rp2_common/pico_printf/printf.c.obj
 .text._vsnprintf
                0x10003170      0xbc8 CMakeFiles/joystick.dir/home/emileny/.pico-sdk/sdk/1.5.1/src/rp2_common/pico_printf/printf.c.obj
 .text.__wrap_snprintf
                0x10003d38       0x28 CMakeFiles/joystick.dir/home/emileny/.pico-sdk/sdk/1.5.1/src/rp2_common/pico_printf/printf.c.obj
                0x10003d38                __wrap_snprintf
 .text.vfctprintf
                0x10003d60       0x20 CMakeFiles/joystick.dir/home/emileny/.pico-sdk/sdk/1.5.1/src/rp2_common/pico_printf/printf.c.obj
                0x10003d60                vfctprintf
 .text.weak_raw_vprintf
                0x10003d80       0x30 CMakeFiles/joystick.dir/home/emileny/.pico-sdk/sdk/1.5.1/src/rp2_common/pico_printf/printf.c.obj
                0x10003d80                weak_raw_vprintf
 .text          0x10003db0       0x10 CMakeFiles/joystick.dir/home/emileny/.pico-sdk/sdk/1.5.1/src/rp2_common/pico_bit_ops/bit_ops_aeabi.S.obj
 .text.ctzsi    0x10003dc0        0xc CMakeFiles/joystick.dir/home/emileny/.pico-sdk/sdk/1.5.1/src/rp2_common/pico_bit_ops/bit_ops_aeabi.S.obj
                0x10003dc0                __wrap___ctzsi2
 .text.rom_func_lookup
                0x10003dcc       0x10 CMakeFiles/joystick.dir/home/emileny/.pico-sdk/sdk/1.5.1/src/rp2_common/pico_bootrom/bootrom.c.obj
                0x10003dcc                rom_func_lookup
 .text.rom_data_lookup
                0x10003ddc       0x10 CMakeFiles/joystick.dir/home/emileny/.pico-sdk/sdk/1.5.1/src/rp2_common/pico_bootrom/bootrom.c.obj
                0x10003ddc                rom_data_lookup
 .text.rom_funcs_lookup
                0x10003dec       0x44 CMakeFiles/joystick.dir/home/emileny/.pico-sdk/sdk/1.5.1/src/rp2_common/pico_bootrom/bootrom.c.obj
                0x10003dec                rom_funcs_lookup
 .text.__wrap___aeabi_idiv
                0x10003e30       0x50 CMakeFiles/joystick.dir/home/emileny/.pico-sdk/sdk/1.5.1/src/rp2_common/pico_divider/divider.S.obj
                0x10003e30                __wrap___aeabi_idivmod
                0x10003e30                divmod_s32s32
                0x10003e30                div_s32s32
                0x10003e30                __wrap___aeabi_idiv
                0x10003e38                divmod_s32s32_unsafe
                0x10003e64                divmod_s32s32_savestate
 .text.__wrap___aeabi_uidiv
                0x10003e80       0x4c CMakeFiles/joystick.dir/home/emileny/.pico-sdk/sdk/1.5.1/src/rp2_common/pico_divider/divider.S.obj
                0x10003e80                __wrap___aeabi_uidiv
                0x10003e80                __wrap___aeabi_uidivmod
                0x10003e80                div_u32u32
                0x10003e80                divmod_u32u32
                0x10003e88                divmod_u32u32_unsafe
                0x10003eb0                divmod_u32u32_savestate
 .text.__wrap___aeabi_ldiv
                0x10003ecc      0x424 CMakeFiles/joystick.dir/home/emileny/.pico-sdk/sdk/1.5.1/src/rp2_common/pico_divider/divider.S.obj
                0x10003ecc                div_s64s64
                0x10003ecc                divmod_s64s64
                0x10003ecc                __wrap___aeabi_ldivmod
                0x10003efc                div_u64u64
                0x10003efc                divmod_u64u64
                0x10003efc                __wrap___aeabi_uldivmod
                0x10003f0c                divmod_u64u64_savestate
                0x10003f2c                divmod_s64s64_unsafe
                0x10003fb4                divmod_u64u64_unsafe
 .text.__wrap___aeabi_darithmetic
                0x100042f0       0x60 CMakeFiles/joystick.dir/home/emileny/.pico-sdk/sdk/1.5.1/src/rp2_common/pico_double/double_aeabi.S.obj
                0x100042f0                __wrap___aeabi_drsub
                0x100042f6                __wrap___aeabi_dsub
                0x10004300                __wrap___aeabi_dadd
                0x1000430a                __wrap___aeabi_ddiv
                0x1000433e                __wrap___aeabi_dmul
 .text.__wrap___aeabi_cdcmple
                0x10004350       0x6c CMakeFiles/joystick.dir/home/emileny/.pico-sdk/sdk/1.5.1/src/rp2_common/pico_double/double_aeabi.S.obj
                0x10004350                __wrap___aeabi_cdrcmple
                0x10004360                __wrap___aeabi_cdcmple
                0x10004360                __wrap___aeabi_cdcmpeq
 .text.__wrap___aeabi_dcmplt
                0x100043bc        0xc CMakeFiles/joystick.dir/home/emileny/.pico-sdk/sdk/1.5.1/src/rp2_common/pico_double/double_aeabi.S.obj
                0x100043bc                __wrap___aeabi_dcmplt
 .text.__wrap___aeabi_dcmpge
                0x100043c8       0x10 CMakeFiles/joystick.dir/home/emileny/.pico-sdk/sdk/1.5.1/src/rp2_common/pico_double/double_aeabi.S.obj
                0x100043c8                __wrap___aeabi_dcmpge
 .text.__wrap___aeabi_dcmpgt
                0x100043d8        0xa CMakeFiles/joystick.dir/home/emileny/.pico-sdk/sdk/1.5.1/src/rp2_common/pico_double/double_aeabi.S.obj
                0x100043d8                __wrap___aeabi_dcmpgt
 .text.__wrap___aeabi_dcmpun
                0x100043e2       0x1c CMakeFiles/joystick.dir/home/emileny/.pico-sdk/sdk/1.5.1/src/rp2_common/pico_double/double_aeabi.S.obj
                0x100043e2                __wrap___aeabi_dcmpun
 *fill*         0x100043fe        0x2 
 .text.__wrap___aeabi_i2d
                0x10004400       0x38 CMakeFiles/joystick.dir/home/emileny/.pico-sdk/sdk/1.5.1/src/rp2_common/pico_double/double_aeabi.S.obj
                0x10004400                __wrap___aeabi_ui2d
                0x10004408                __wrap___aeabi_i2d
 .text.__wrap___aeabi_d2iz
                0x10004438       0x48 CMakeFiles/joystick.dir/home/emileny/.pico-sdk/sdk/1.5.1/src/rp2_common/pico_double/double_aeabi.S.obj
                0x10004438                __wrap___aeabi_d2iz
                0x10004438                double2int_z
 .text.__wrap___aeabi_d2uiz
                0x10004480       0x10 CMakeFiles/joystick.dir/home/emileny/.pico-sdk/sdk/1.5.1/src/rp2_common/pico_double/double_aeabi.S.obj
                0x10004480                double2uint
                0x10004480                __wrap___aeabi_d2uiz
 .text.missing_double_func_shim
                0x10004490        0xc CMakeFiles/joystick.dir/home/emileny/.pico-sdk/sdk/1.5.1/src/rp2_common/pico_double/double_init_rom.c.obj
 .text.__aeabi_double_init
                0x1000449c       0x94 CMakeFiles/joystick.dir/home/emileny/.pico-sdk/sdk/1.5.1/src/rp2_common/pico_double/double_init_rom.c.obj
                0x1000449c                __aeabi_double_init
 .text.double_table_shim_on_use_helper
                0x10004530       0x2c CMakeFiles/joystick.dir/home/emileny/.pico-sdk/sdk/1.5.1/src/rp2_common/pico_double/double_v1_rom_shim.S.obj
                0x10004530                double_table_shim_on_use_helper
 .text.__aeabi_lmul
                0x1000455c       0x32 CMakeFiles/joystick.dir/home/emileny/.pico-sdk/sdk/1.5.1/src/rp2_common/pico_int64_ops/pico_int64_ops_aeabi.S.obj
                0x1000455c                __wrap___aeabi_lmul
 *fill*         0x1000458e        0x2 
 .text.missing_float_func_shim
                0x10004590        0xc CMakeFiles/joystick.dir/home/emileny/.pico-sdk/sdk/1.5.1/src/rp2_common/pico_float/float_init_rom.c.obj
 .text.__aeabi_float_init
                0x1000459c       0x5c CMakeFiles/joystick.dir/home/emileny/.pico-sdk/sdk/1.5.1/src/rp2_common/pico_float/float_init_rom.c.obj
                0x1000459c                __aeabi_float_init
 .text.__wrap_malloc
                0x100045f8       0x3c CMakeFiles/joystick.dir/home/emileny/.pico-sdk/sdk/1.5.1/src/rp2_common/pico_malloc/pico_malloc.c.obj
                0x100045f8                __wrap_malloc
 .text.__wrap_calloc
                0x10004634       0x40 CMakeFiles/joystick.dir/home/emileny/.pico-sdk/sdk/1.5.1/src/rp2_common/pico_malloc/pico_malloc.c.obj
                0x10004634                __wrap_calloc
 .text.__wrap_free
                0x10004674       0x20 CMakeFiles/joystick.dir/home/emileny/.pico-sdk/sdk/1.5.1/src/rp2_common/pico_malloc/pico_malloc.c.obj
                0x10004674                __wrap_free
 .text          0x10004694       0x10 CMakeFiles/joystick.dir/home/emileny/.pico-sdk/sdk/1.5.1/src/rp2_common/pico_mem_ops/mem_ops_aeabi.S.obj
                0x10004694                __aeabi_mem_init
 .text.memset   0x100046a4        0xc CMakeFiles/joystick.dir/home/emileny/.pico-sdk/sdk/1.5.1/src/rp2_common/pico_mem_ops/mem_ops_aeabi.S.obj
                0x100046a4                __wrap_memset
 .text.memcpy   0x100046b0        0xc CMakeFiles/joystick.dir/home/emileny/.pico-sdk/sdk/1.5.1/src/rp2_common/pico_mem_ops/mem_ops_aeabi.S.obj
                0x100046b0                __wrap___aeabi_memcpy
                0x100046b0                __wrap_memcpy
 .text.stdio_out_chars_crlf
                0x100046bc       0x94 CMakeFiles/joystick.dir/home/emileny/.pico-sdk/sdk/1.5.1/src/rp2_common/pico_stdio/stdio.c.obj
 .text.stdio_buffered_printer
                0x10004750       0x64 CMakeFiles/joystick.dir/home/emileny/.pico-sdk/sdk/1.5.1/src/rp2_common/pico_stdio/stdio.c.obj
 .text.__wrap_putchar
                0x100047b4       0x98 CMakeFiles/joystick.dir/home/emileny/.pico-sdk/sdk/1.5.1/src/rp2_common/pico_stdio/stdio.c.obj
                0x100047b4                __wrap_putchar
 .text.__wrap_puts
                0x1000484c       0xe0 CMakeFiles/joystick.dir/home/emileny/.pico-sdk/sdk/1.5.1/src/rp2_common/pico_stdio/stdio.c.obj
                0x1000484c                __wrap_puts
 .text.stdio_set_driver_enabled
                0x1000492c       0x30 CMakeFiles/joystick.dir/home/emileny/.pico-sdk/sdk/1.5.1/src/rp2_common/pico_stdio/stdio.c.obj
                0x1000492c                stdio_set_driver_enabled
 .text.__wrap_vprintf
                0x1000495c       0xd4 CMakeFiles/joystick.dir/home/emileny/.pico-sdk/sdk/1.5.1/src/rp2_common/pico_stdio/stdio.c.obj
                0x1000495c                __wrap_vprintf
 .text.__wrap_printf
                0x10004a30       0x18 CMakeFiles/joystick.dir/home/emileny/.pico-sdk/sdk/1.5.1/src/rp2_common/pico_stdio/stdio.c.obj
                0x10004a30                __wrap_printf
 .text.stdio_init_all
                0x10004a48        0x8 CMakeFiles/joystick.dir/home/emileny/.pico-sdk/sdk/1.5.1/src/rp2_common/pico_stdio/stdio.c.obj
                0x10004a48                stdio_init_all
 .text.resetd_init
                0x10004a50        0x4 CMakeFiles/joystick.dir/home/emileny/.pico-sdk/sdk/1.5.1/src/rp2_common/pico_stdio_usb/reset_interface.c.obj
 .text.resetd_reset
                0x10004a54        0xc CMakeFiles/joystick.dir/home/emileny/.pico-sdk/sdk/1.5.1/src/rp2_common/pico_stdio_usb/reset_interface.c.obj
 .text.resetd_open
                0x10004a60       0x28 CMakeFiles/joystick.dir/home/emileny/.pico-sdk/sdk/1.5.1/src/rp2_common/pico_stdio_usb/reset_interface.c.obj
 .text.resetd_xfer_cb
                0x10004a88        0x4 CMakeFiles/joystick.dir/home/emileny/.pico-sdk/sdk/1.5.1/src/rp2_common/pico_stdio_usb/reset_interface.c.obj
 .text.resetd_control_xfer_cb
                0x10004a8c       0x60 CMakeFiles/joystick.dir/home/emileny/.pico-sdk/sdk/1.5.1/src/rp2_common/pico_stdio_usb/reset_interface.c.obj
 .text.usbd_app_driver_get_cb
                0x10004aec        0xc CMakeFiles/joystick.dir/home/emileny/.pico-sdk/sdk/1.5.1/src/rp2_common/pico_stdio_usb/reset_interface.c.obj
                0x10004aec                usbd_app_driver_get_cb
 .text.tud_cdc_line_coding_cb
                0x10004af8       0x34 CMakeFiles/joystick.dir/home/emileny/.pico-sdk/sdk/1.5.1/src/rp2_common/pico_stdio_usb/reset_interface.c.obj
                0x10004af8                tud_cdc_line_coding_cb
 .text.stdio_usb_set_chars_available_callback
                0x10004b2c       0x14 CMakeFiles/joystick.dir/home/emileny/.pico-sdk/sdk/1.5.1/src/rp2_common/pico_stdio_usb/stdio_usb.c.obj
                0x10004b2c                stdio_usb_set_chars_available_callback
 .text.usb_irq  0x10004b40       0x10 CMakeFiles/joystick.dir/home/emileny/.pico-sdk/sdk/1.5.1/src/rp2_common/pico_stdio_usb/stdio_usb.c.obj
 .text.timer_task
                0x10004b50       0x54 CMakeFiles/joystick.dir/home/emileny/.pico-sdk/sdk/1.5.1/src/rp2_common/pico_stdio_usb/stdio_usb.c.obj
 .text.stdio_usb_in_chars
                0x10004ba4       0x90 CMakeFiles/joystick.dir/home/emileny/.pico-sdk/sdk/1.5.1/src/rp2_common/pico_stdio_usb/stdio_usb.c.obj
                0x10004ba4                stdio_usb_in_chars
 .text.stdio_usb_out_chars
                0x10004c34      0x104 CMakeFiles/joystick.dir/home/emileny/.pico-sdk/sdk/1.5.1/src/rp2_common/pico_stdio_usb/stdio_usb.c.obj
 .text.low_priority_worker_irq
                0x10004d38       0xa8 CMakeFiles/joystick.dir/home/emileny/.pico-sdk/sdk/1.5.1/src/rp2_common/pico_stdio_usb/stdio_usb.c.obj
 .text.tud_cdc_rx_cb
                0x10004de0       0x20 CMakeFiles/joystick.dir/home/emileny/.pico-sdk/sdk/1.5.1/src/rp2_common/pico_stdio_usb/stdio_usb.c.obj
                0x10004de0                tud_cdc_rx_cb
 .text.stdio_usb_init
                0x10004e00       0xe0 CMakeFiles/joystick.dir/home/emileny/.pico-sdk/sdk/1.5.1/src/rp2_common/pico_stdio_usb/stdio_usb.c.obj
                0x10004e00                stdio_usb_init
 .text.tud_descriptor_device_cb
                0x10004ee0        0x8 CMakeFiles/joystick.dir/home/emileny/.pico-sdk/sdk/1.5.1/src/rp2_common/pico_stdio_usb/stdio_usb_descriptors.c.obj
                0x10004ee0                tud_descriptor_device_cb
 .text.tud_descriptor_configuration_cb
                0x10004ee8        0x8 CMakeFiles/joystick.dir/home/emileny/.pico-sdk/sdk/1.5.1/src/rp2_common/pico_stdio_usb/stdio_usb_descriptors.c.obj
                0x10004ee8                tud_descriptor_configuration_cb
 .text.tud_descriptor_string_cb
                0x10004ef0       0x78 CMakeFiles/joystick.dir/home/emileny/.pico-sdk/sdk/1.5.1/src/rp2_common/pico_stdio_usb/stdio_usb_descriptors.c.obj
                0x10004ef0                tud_descriptor_string_cb
 .text.startup._retrieve_unique_id_on_boot
                0x10004f68       0x10 CMakeFiles/joystick.dir/home/emileny/.pico-sdk/sdk/1.5.1/src/rp2_common/pico_unique_id/unique_id.c.obj
 .text.pico_get_unique_board_id
                0x10004f78       0x10 CMakeFiles/joystick.dir/home/emileny/.pico-sdk/sdk/1.5.1/src/rp2_common/pico_unique_id/unique_id.c.obj
                0x10004f78                pico_get_unique_board_id
 .text.pico_get_unique_board_id_string
                0x10004f88      0x1a8 CMakeFiles/joystick.dir/home/emileny/.pico-sdk/sdk/1.5.1/src/rp2_common/pico_unique_id/unique_id.c.obj
                0x10004f88                pico_get_unique_board_id_string
 .text.flash_get_unique_id
                0x10005130       0x3c CMakeFiles/joystick.dir/home/emileny/.pico-sdk/sdk/1.5.1/src/rp2_common/hardware_flash/flash.c.obj
                0x10005130                flash_get_unique_id
 .text.dcd_int_enable
                0x1000516c        0xc CMakeFiles/joystick.dir/home/emileny/.pico-sdk/sdk/1.5.1/lib/tinyusb/src/portable/raspberrypi/rp2040/dcd_rp2040.c.obj
                0x1000516c                dcd_int_enable
 .text.dcd_set_address
                0x10005178       0x14 CMakeFiles/joystick.dir/home/emileny/.pico-sdk/sdk/1.5.1/lib/tinyusb/src/portable/raspberrypi/rp2040/dcd_rp2040.c.obj
                0x10005178                dcd_set_address
 .text.dcd_connect
                0x1000518c       0x10 CMakeFiles/joystick.dir/home/emileny/.pico-sdk/sdk/1.5.1/lib/tinyusb/src/portable/raspberrypi/rp2040/dcd_rp2040.c.obj
                0x1000518c                dcd_connect
 .text.dcd_init
                0x1000519c       0x98 CMakeFiles/joystick.dir/home/emileny/.pico-sdk/sdk/1.5.1/lib/tinyusb/src/portable/raspberrypi/rp2040/dcd_rp2040.c.obj
                0x1000519c                dcd_init
 .text.dcd_edpt0_status_complete
                0x10005234       0x1c CMakeFiles/joystick.dir/home/emileny/.pico-sdk/sdk/1.5.1/lib/tinyusb/src/portable/raspberrypi/rp2040/dcd_rp2040.c.obj
                0x10005234                dcd_edpt0_status_complete
 .text.dcd_edpt_open
                0x10005250      0x108 CMakeFiles/joystick.dir/home/emileny/.pico-sdk/sdk/1.5.1/lib/tinyusb/src/portable/raspberrypi/rp2040/dcd_rp2040.c.obj
                0x10005250                dcd_edpt_open
 .text.dcd_edpt_close_all
                0x10005358        0x8 CMakeFiles/joystick.dir/home/emileny/.pico-sdk/sdk/1.5.1/lib/tinyusb/src/portable/raspberrypi/rp2040/dcd_rp2040.c.obj
                0x10005358                dcd_edpt_close_all
 .text.dcd_edpt_xfer
                0x10005360       0x24 CMakeFiles/joystick.dir/home/emileny/.pico-sdk/sdk/1.5.1/lib/tinyusb/src/portable/raspberrypi/rp2040/dcd_rp2040.c.obj
                0x10005360                dcd_edpt_xfer
 .text.dcd_edpt_stall
                0x10005384       0x34 CMakeFiles/joystick.dir/home/emileny/.pico-sdk/sdk/1.5.1/lib/tinyusb/src/portable/raspberrypi/rp2040/dcd_rp2040.c.obj
                0x10005384                dcd_edpt_stall
 .text.dcd_edpt_clear_stall
                0x100053b8       0x30 CMakeFiles/joystick.dir/home/emileny/.pico-sdk/sdk/1.5.1/lib/tinyusb/src/portable/raspberrypi/rp2040/dcd_rp2040.c.obj
                0x100053b8                dcd_edpt_clear_stall
 .text.rp2040_usb_init
                0x100053e8       0x4c CMakeFiles/joystick.dir/home/emileny/.pico-sdk/sdk/1.5.1/lib/tinyusb/src/portable/raspberrypi/rp2040/rp2040_usb.c.obj
                0x100053e8                rp2040_usb_init
 .text.hw_endpoint_xfer_start
                0x10005434       0x40 CMakeFiles/joystick.dir/home/emileny/.pico-sdk/sdk/1.5.1/lib/tinyusb/src/portable/raspberrypi/rp2040/rp2040_usb.c.obj
                0x10005434                hw_endpoint_xfer_start
 .text.tud_mounted
                0x10005474       0x10 CMakeFiles/joystick.dir/home/emileny/.pico-sdk/sdk/1.5.1/lib/tinyusb/src/device/usbd.c.obj
                0x10005474                tud_mounted
 .text.tud_suspended
                0x10005484       0x10 CMakeFiles/joystick.dir/home/emileny/.pico-sdk/sdk/1.5.1/lib/tinyusb/src/device/usbd.c.obj
                0x10005484                tud_suspended
 .text.tud_inited
                0x10005494       0x14 CMakeFiles/joystick.dir/home/emileny/.pico-sdk/sdk/1.5.1/lib/tinyusb/src/device/usbd.c.obj
                0x10005494                tud_inited
 .text.tud_init
                0x100054a8       0xdc CMakeFiles/joystick.dir/home/emileny/.pico-sdk/sdk/1.5.1/lib/tinyusb/src/device/usbd.c.obj
                0x100054a8                tud_init
 .text.tud_task_ext
                0x10005584      0x850 CMakeFiles/joystick.dir/home/emileny/.pico-sdk/sdk/1.5.1/lib/tinyusb/src/device/usbd.c.obj
                0x10005584                tud_task_ext
 .text.usbd_open_edpt_pair
                0x10005dd4       0x9c CMakeFiles/joystick.dir/home/emileny/.pico-sdk/sdk/1.5.1/lib/tinyusb/src/device/usbd.c.obj
                0x10005dd4                usbd_open_edpt_pair
 .text.usbd_defer_func
                0x10005e70       0x48 CMakeFiles/joystick.dir/home/emileny/.pico-sdk/sdk/1.5.1/lib/tinyusb/src/device/usbd.c.obj
                0x10005e70                usbd_defer_func
 .text.usbd_edpt_open
                0x10005eb8       0x34 CMakeFiles/joystick.dir/home/emileny/.pico-sdk/sdk/1.5.1/lib/tinyusb/src/device/usbd.c.obj
                0x10005eb8                usbd_edpt_open
 .text.usbd_edpt_claim
                0x10005eec       0x28 CMakeFiles/joystick.dir/home/emileny/.pico-sdk/sdk/1.5.1/lib/tinyusb/src/device/usbd.c.obj
                0x10005eec                usbd_edpt_claim
 .text.usbd_edpt_release
                0x10005f14       0x28 CMakeFiles/joystick.dir/home/emileny/.pico-sdk/sdk/1.5.1/lib/tinyusb/src/device/usbd.c.obj
                0x10005f14                usbd_edpt_release
 .text.usbd_edpt_xfer
                0x10005f3c       0x4c CMakeFiles/joystick.dir/home/emileny/.pico-sdk/sdk/1.5.1/lib/tinyusb/src/device/usbd.c.obj
                0x10005f3c                usbd_edpt_xfer
 .text.tud_control_status
                0x10005f88       0x2c CMakeFiles/joystick.dir/home/emileny/.pico-sdk/sdk/1.5.1/lib/tinyusb/src/device/usbd_control.c.obj
                0x10005f88                tud_control_status
 .text.tud_control_xfer
                0x10005fb4       0xac CMakeFiles/joystick.dir/home/emileny/.pico-sdk/sdk/1.5.1/lib/tinyusb/src/device/usbd_control.c.obj
                0x10005fb4                tud_control_xfer
 .text.usbd_control_reset
                0x10006060       0x14 CMakeFiles/joystick.dir/home/emileny/.pico-sdk/sdk/1.5.1/lib/tinyusb/src/device/usbd_control.c.obj
                0x10006060                usbd_control_reset
 .text.usbd_control_set_complete_callback
                0x10006074        0xc CMakeFiles/joystick.dir/home/emileny/.pico-sdk/sdk/1.5.1/lib/tinyusb/src/device/usbd_control.c.obj
                0x10006074                usbd_control_set_complete_callback
 .text.usbd_control_set_request
                0x10006080       0x1c CMakeFiles/joystick.dir/home/emileny/.pico-sdk/sdk/1.5.1/lib/tinyusb/src/device/usbd_control.c.obj
                0x10006080                usbd_control_set_request
 .text.usbd_control_xfer_cb
                0x1000609c       0xf4 CMakeFiles/joystick.dir/home/emileny/.pico-sdk/sdk/1.5.1/lib/tinyusb/src/device/usbd_control.c.obj
                0x1000609c                usbd_control_xfer_cb
 .text.tud_cdc_n_connected
                0x10006190       0x30 CMakeFiles/joystick.dir/home/emileny/.pico-sdk/sdk/1.5.1/lib/tinyusb/src/class/cdc/cdc_device.c.obj
                0x10006190                tud_cdc_n_connected
 .text.tud_cdc_n_available
                0x100061c0       0x18 CMakeFiles/joystick.dir/home/emileny/.pico-sdk/sdk/1.5.1/lib/tinyusb/src/class/cdc/cdc_device.c.obj
                0x100061c0                tud_cdc_n_available
 .text.tud_cdc_n_read
                0x100061d8       0x70 CMakeFiles/joystick.dir/home/emileny/.pico-sdk/sdk/1.5.1/lib/tinyusb/src/class/cdc/cdc_device.c.obj
                0x100061d8                tud_cdc_n_read
 .text.tud_cdc_n_write_flush
                0x10006248       0x78 CMakeFiles/joystick.dir/home/emileny/.pico-sdk/sdk/1.5.1/lib/tinyusb/src/class/cdc/cdc_device.c.obj
                0x10006248                tud_cdc_n_write_flush
 .text.tud_cdc_n_write
                0x100062c0       0x34 CMakeFiles/joystick.dir/home/emileny/.pico-sdk/sdk/1.5.1/lib/tinyusb/src/class/cdc/cdc_device.c.obj
                0x100062c0                tud_cdc_n_write
 .text.tud_cdc_n_write_available
                0x100062f4       0x18 CMakeFiles/joystick.dir/home/emileny/.pico-sdk/sdk/1.5.1/lib/tinyusb/src/class/cdc/cdc_device.c.obj
                0x100062f4                tud_cdc_n_write_available
 .text.cdcd_init
                0x1000630c       0x7c CMakeFiles/joystick.dir/home/emileny/.pico-sdk/sdk/1.5.1/lib/tinyusb/src/class/cdc/cdc_device.c.obj
                0x1000630c                cdcd_init
 .text.cdcd_reset
                0x10006388       0x2c CMakeFiles/joystick.dir/home/emileny/.pico-sdk/sdk/1.5.1/lib/tinyusb/src/class/cdc/cdc_device.c.obj
                0x10006388                cdcd_reset
 .text.cdcd_open
                0x100063b4       0xe4 CMakeFiles/joystick.dir/home/emileny/.pico-sdk/sdk/1.5.1/lib/tinyusb/src/class/cdc/cdc_device.c.obj
                0x100063b4                cdcd_open
 .text.cdcd_control_xfer_cb
                0x10006498       0xe4 CMakeFiles/joystick.dir/home/emileny/.pico-sdk/sdk/1.5.1/lib/tinyusb/src/class/cdc/cdc_device.c.obj
                0x10006498                cdcd_control_xfer_cb
 .text.cdcd_xfer_cb
                0x1000657c      0x13c CMakeFiles/joystick.dir/home/emileny/.pico-sdk/sdk/1.5.1/lib/tinyusb/src/class/cdc/cdc_device.c.obj
                0x1000657c                cdcd_xfer_cb
 .text.tusb_init
                0x100066b8        0xc CMakeFiles/joystick.dir/home/emileny/.pico-sdk/sdk/1.5.1/lib/tinyusb/src/tusb.c.obj
                0x100066b8                tusb_init
 .text.tusb_inited
                0x100066c4        0x8 CMakeFiles/joystick.dir/home/emileny/.pico-sdk/sdk/1.5.1/lib/tinyusb/src/tusb.c.obj
                0x100066c4                tusb_inited
 .text.tu_edpt_claim
                0x100066cc       0x50 CMakeFiles/joystick.dir/home/emileny/.pico-sdk/sdk/1.5.1/lib/tinyusb/src/tusb.c.obj
                0x100066cc                tu_edpt_claim
 .text.tu_edpt_release
                0x1000671c       0x38 CMakeFiles/joystick.dir/home/emileny/.pico-sdk/sdk/1.5.1/lib/tinyusb/src/tusb.c.obj
                0x1000671c                tu_edpt_release
 .text.tu_edpt_validate
                0x10006754       0x7c CMakeFiles/joystick.dir/home/emileny/.pico-sdk/sdk/1.5.1/lib/tinyusb/src/tusb.c.obj
                0x10006754                tu_edpt_validate
 .text.tu_edpt_bind_driver
                0x100067d0       0x34 CMakeFiles/joystick.dir/home/emileny/.pico-sdk/sdk/1.5.1/lib/tinyusb/src/tusb.c.obj
                0x100067d0                tu_edpt_bind_driver
 .text.tu_fifo_config
                0x10006804       0x6c CMakeFiles/joystick.dir/home/emileny/.pico-sdk/sdk/1.5.1/lib/tinyusb/src/common/tusb_fifo.c.obj
                0x10006804                tu_fifo_config
 .text.tu_fifo_count
                0x10006870       0x2c CMakeFiles/joystick.dir/home/emileny/.pico-sdk/sdk/1.5.1/lib/tinyusb/src/common/tusb_fifo.c.obj
                0x10006870                tu_fifo_count
 .text.tu_fifo_empty
                0x1000689c       0x10 CMakeFiles/joystick.dir/home/emileny/.pico-sdk/sdk/1.5.1/lib/tinyusb/src/common/tusb_fifo.c.obj
                0x1000689c                tu_fifo_empty
 .text.tu_fifo_remaining
                0x100068ac       0x2c CMakeFiles/joystick.dir/home/emileny/.pico-sdk/sdk/1.5.1/lib/tinyusb/src/common/tusb_fifo.c.obj
                0x100068ac                tu_fifo_remaining
 .text.tu_fifo_read
                0x100068d8       0x9c CMakeFiles/joystick.dir/home/emileny/.pico-sdk/sdk/1.5.1/lib/tinyusb/src/common/tusb_fifo.c.obj
                0x100068d8                tu_fifo_read
 .text.tu_fifo_read_n
                0x10006974       0xe8 CMakeFiles/joystick.dir/home/emileny/.pico-sdk/sdk/1.5.1/lib/tinyusb/src/common/tusb_fifo.c.obj
                0x10006974                tu_fifo_read_n
 .text.tu_fifo_write
                0x10006a5c       0xa8 CMakeFiles/joystick.dir/home/emileny/.pico-sdk/sdk/1.5.1/lib/tinyusb/src/common/tusb_fifo.c.obj
                0x10006a5c                tu_fifo_write
 .text.tu_fifo_write_n
                0x10006b04      0x178 CMakeFiles/joystick.dir/home/emileny/.pico-sdk/sdk/1.5.1/lib/tinyusb/src/common/tusb_fifo.c.obj
                0x10006b04                tu_fifo_write_n
 .text.tu_fifo_clear
                0x10006c7c       0x40 CMakeFiles/joystick.dir/home/emileny/.pico-sdk/sdk/1.5.1/lib/tinyusb/src/common/tusb_fifo.c.obj
                0x10006c7c                tu_fifo_clear
 .text.tu_fifo_set_overwritable
                0x10006cbc       0x48 CMakeFiles/joystick.dir/home/emileny/.pico-sdk/sdk/1.5.1/lib/tinyusb/src/common/tusb_fifo.c.obj
                0x10006cbc                tu_fifo_set_overwritable
 .text.adc_init
                0x10006d04       0x38 CMakeFiles/joystick.dir/home/emileny/.pico-sdk/sdk/1.5.1/src/rp2_common/hardware_adc/adc.c.obj
                0x10006d04                adc_init
 .text.lwip_timeout_reached
                0x10006d3c        0x8 CMakeFiles/joystick.dir/home/emileny/.pico-sdk/sdk/1.5.1/src/rp2_common/pico_lwip/lwip_nosys.c.obj
 .text.update_next_timeout
                0x10006d44       0x60 CMakeFiles/joystick.dir/home/emileny/.pico-sdk/sdk/1.5.1/src/rp2_common/pico_lwip/lwip_nosys.c.obj
 .text.lwip_nosys_init
                0x10006da4       0x30 CMakeFiles/joystick.dir/home/emileny/.pico-sdk/sdk/1.5.1/src/rp2_common/pico_lwip/lwip_nosys.c.obj
                0x10006da4                lwip_nosys_init
 .text.lwip_nosys_deinit
                0x10006dd4       0x20 CMakeFiles/joystick.dir/home/emileny/.pico-sdk/sdk/1.5.1/src/rp2_common/pico_lwip/lwip_nosys.c.obj
                0x10006dd4                lwip_nosys_deinit
 .text.sys_arch_protect
                0x10006df4        0x4 CMakeFiles/joystick.dir/home/emileny/.pico-sdk/sdk/1.5.1/src/rp2_common/pico_lwip/lwip_nosys.c.obj
                0x10006df4                sys_arch_protect
 .text.sys_arch_unprotect
                0x10006df8        0x4 CMakeFiles/joystick.dir/home/emileny/.pico-sdk/sdk/1.5.1/src/rp2_common/pico_lwip/lwip_nosys.c.obj
                0x10006df8                sys_arch_unprotect
 .text.sys_now  0x10006dfc       0x20 CMakeFiles/joystick.dir/home/emileny/.pico-sdk/sdk/1.5.1/src/rp2_common/pico_lwip/lwip_nosys.c.obj
                0x10006dfc                sys_now
 .text.async_context_base_add_at_time_worker
                0x10006e1c       0x24 CMakeFiles/joystick.dir/home/emileny/.pico-sdk/sdk/1.5.1/src/rp2_common/pico_async_context/async_context_base.c.obj
                0x10006e1c                async_context_base_add_at_time_worker
 .text.async_context_base_remove_at_time_worker
                0x10006e40       0x28 CMakeFiles/joystick.dir/home/emileny/.pico-sdk/sdk/1.5.1/src/rp2_common/pico_async_context/async_context_base.c.obj
                0x10006e40                async_context_base_remove_at_time_worker
 .text.async_context_base_add_when_pending_worker
                0x10006e68       0x24 CMakeFiles/joystick.dir/home/emileny/.pico-sdk/sdk/1.5.1/src/rp2_common/pico_async_context/async_context_base.c.obj
                0x10006e68                async_context_base_add_when_pending_worker
 .text.async_context_base_remove_when_pending_worker
                0x10006e8c       0x28 CMakeFiles/joystick.dir/home/emileny/.pico-sdk/sdk/1.5.1/src/rp2_common/pico_async_context/async_context_base.c.obj
                0x10006e8c                async_context_base_remove_when_pending_worker
 .text.async_context_base_execute_once
                0x10006eb4      0x108 CMakeFiles/joystick.dir/home/emileny/.pico-sdk/sdk/1.5.1/src/rp2_common/pico_async_context/async_context_base.c.obj
                0x10006eb4                async_context_base_execute_once
 .text.async_context_base_needs_servicing
                0x10006fbc       0x54 CMakeFiles/joystick.dir/home/emileny/.pico-sdk/sdk/1.5.1/src/rp2_common/pico_async_context/async_context_base.c.obj
                0x10006fbc                async_context_base_needs_servicing
 .text.splitmix64
                0x10007010       0x58 CMakeFiles/joystick.dir/home/emileny/.pico-sdk/sdk/1.5.1/src/rp2_common/pico_rand/rand.c.obj
 .text.xoroshiro128ss
                0x10007068       0x90 CMakeFiles/joystick.dir/home/emileny/.pico-sdk/sdk/1.5.1/src/rp2_common/pico_rand/rand.c.obj
 .text.get_rand_64
                0x100070f8      0x4a4 CMakeFiles/joystick.dir/home/emileny/.pico-sdk/sdk/1.5.1/src/rp2_common/pico_rand/rand.c.obj
                0x100070f8                get_rand_64
 .text.get_rand_32
                0x1000759c        0x8 CMakeFiles/joystick.dir/home/emileny/.pico-sdk/sdk/1.5.1/src/rp2_common/pico_rand/rand.c.obj
                0x1000759c                get_rand_32
 .text.lwip_init
                0x100075a4       0x24 CMakeFiles/joystick.dir/home/emileny/.pico-sdk/sdk/1.5.1/lib/lwip/src/core/init.c.obj
                0x100075a4                lwip_init
 .text.lwip_htons
                0x100075c8        0x8 CMakeFiles/joystick.dir/home/emileny/.pico-sdk/sdk/1.5.1/lib/lwip/src/core/def.c.obj
                0x100075c8                lwip_htons
 .text.lwip_htonl
                0x100075d0        0x4 CMakeFiles/joystick.dir/home/emileny/.pico-sdk/sdk/1.5.1/lib/lwip/src/core/def.c.obj
                0x100075d0                lwip_htonl
 .text.dns_call_found
                0x100075d4      0x184 CMakeFiles/joystick.dir/home/emileny/.pico-sdk/sdk/1.5.1/lib/lwip/src/core/dns.c.obj
 .text.dns_send.isra.0
                0x10007758      0x174 CMakeFiles/joystick.dir/home/emileny/.pico-sdk/sdk/1.5.1/lib/lwip/src/core/dns.c.obj
 .text.dns_init
                0x100078cc        0x4 CMakeFiles/joystick.dir/home/emileny/.pico-sdk/sdk/1.5.1/lib/lwip/src/core/dns.c.obj
                0x100078cc                dns_init
 .text.dns_setserver
                0x100078d0       0x24 CMakeFiles/joystick.dir/home/emileny/.pico-sdk/sdk/1.5.1/lib/lwip/src/core/dns.c.obj
                0x100078d0                dns_setserver
 .text.dns_tmr  0x100078f4      0x140 CMakeFiles/joystick.dir/home/emileny/.pico-sdk/sdk/1.5.1/lib/lwip/src/core/dns.c.obj
                0x100078f4                dns_tmr
 .text.lwip_standard_chksum
                0x10007a34       0x88 CMakeFiles/joystick.dir/home/emileny/.pico-sdk/sdk/1.5.1/lib/lwip/src/core/inet_chksum.c.obj
                0x10007a34                lwip_standard_chksum
 .text.inet_chksum_pseudo
                0x10007abc       0xbc CMakeFiles/joystick.dir/home/emileny/.pico-sdk/sdk/1.5.1/lib/lwip/src/core/inet_chksum.c.obj
                0x10007abc                inet_chksum_pseudo
 .text.ip_chksum_pseudo
                0x10007b78       0x10 CMakeFiles/joystick.dir/home/emileny/.pico-sdk/sdk/1.5.1/lib/lwip/src/core/inet_chksum.c.obj
                0x10007b78                ip_chksum_pseudo
 .text.inet_chksum
                0x10007b88       0x8c CMakeFiles/joystick.dir/home/emileny/.pico-sdk/sdk/1.5.1/lib/lwip/src/core/inet_chksum.c.obj
                0x10007b88                inet_chksum
 .text.inet_chksum_pbuf
                0x10007c14       0x78 CMakeFiles/joystick.dir/home/emileny/.pico-sdk/sdk/1.5.1/lib/lwip/src/core/inet_chksum.c.obj
                0x10007c14                inet_chksum_pbuf
 .text.mem_init
                0x10007c8c       0x48 CMakeFiles/joystick.dir/home/emileny/.pico-sdk/sdk/1.5.1/lib/lwip/src/core/mem.c.obj
                0x10007c8c                mem_init
 .text.mem_free
                0x10007cd4      0x14c CMakeFiles/joystick.dir/home/emileny/.pico-sdk/sdk/1.5.1/lib/lwip/src/core/mem.c.obj
                0x10007cd4                mem_free
 .text.mem_trim
                0x10007e20      0x154 CMakeFiles/joystick.dir/home/emileny/.pico-sdk/sdk/1.5.1/lib/lwip/src/core/mem.c.obj
                0x10007e20                mem_trim
 .text.mem_malloc
                0x10007f74      0x160 CMakeFiles/joystick.dir/home/emileny/.pico-sdk/sdk/1.5.1/lib/lwip/src/core/mem.c.obj
                0x10007f74                mem_malloc
 .text.memp_init
                0x100080d4       0x94 CMakeFiles/joystick.dir/home/emileny/.pico-sdk/sdk/1.5.1/lib/lwip/src/core/memp.c.obj
                0x100080d4                memp_init
 .text.memp_malloc
                0x10008168       0x5c CMakeFiles/joystick.dir/home/emileny/.pico-sdk/sdk/1.5.1/lib/lwip/src/core/memp.c.obj
                0x10008168                memp_malloc
 .text.memp_free
                0x100081c4       0x40 CMakeFiles/joystick.dir/home/emileny/.pico-sdk/sdk/1.5.1/lib/lwip/src/core/memp.c.obj
                0x100081c4                memp_free
 .text.netif_null_output_ip4
                0x10008204        0x8 CMakeFiles/joystick.dir/home/emileny/.pico-sdk/sdk/1.5.1/lib/lwip/src/core/netif.c.obj
 .text.netif_init
                0x1000820c        0x4 CMakeFiles/joystick.dir/home/emileny/.pico-sdk/sdk/1.5.1/lib/lwip/src/core/netif.c.obj
                0x1000820c                netif_init
 .text.netif_set_addr
                0x10008210       0xbc CMakeFiles/joystick.dir/home/emileny/.pico-sdk/sdk/1.5.1/lib/lwip/src/core/netif.c.obj
                0x10008210                netif_set_addr
 .text.netif_add
                0x100082cc      0x130 CMakeFiles/joystick.dir/home/emileny/.pico-sdk/sdk/1.5.1/lib/lwip/src/core/netif.c.obj
                0x100082cc                netif_add
 .text.netif_remove
                0x100083fc       0x88 CMakeFiles/joystick.dir/home/emileny/.pico-sdk/sdk/1.5.1/lib/lwip/src/core/netif.c.obj
                0x100083fc                netif_remove
 .text.netif_set_default
                0x10008484        0xc CMakeFiles/joystick.dir/home/emileny/.pico-sdk/sdk/1.5.1/lib/lwip/src/core/netif.c.obj
                0x10008484                netif_set_default
 .text.netif_set_up
                0x10008490       0x14 CMakeFiles/joystick.dir/home/emileny/.pico-sdk/sdk/1.5.1/lib/lwip/src/core/netif.c.obj
                0x10008490                netif_set_up
 .text.netif_set_link_up
                0x100084a4       0x24 CMakeFiles/joystick.dir/home/emileny/.pico-sdk/sdk/1.5.1/lib/lwip/src/core/netif.c.obj
                0x100084a4                netif_set_link_up
 .text.netif_set_link_down
                0x100084c8       0x24 CMakeFiles/joystick.dir/home/emileny/.pico-sdk/sdk/1.5.1/lib/lwip/src/core/netif.c.obj
                0x100084c8                netif_set_link_down
 .text.netif_get_by_index
                0x100084ec       0x2c CMakeFiles/joystick.dir/home/emileny/.pico-sdk/sdk/1.5.1/lib/lwip/src/core/netif.c.obj
                0x100084ec                netif_get_by_index
 .text.pbuf_free.part.0
                0x10008518       0xa4 CMakeFiles/joystick.dir/home/emileny/.pico-sdk/sdk/1.5.1/lib/lwip/src/core/pbuf.c.obj
 .text.pbuf_free_ooseq
                0x100085bc       0x34 CMakeFiles/joystick.dir/home/emileny/.pico-sdk/sdk/1.5.1/lib/lwip/src/core/pbuf.c.obj
                0x100085bc                pbuf_free_ooseq
 .text.pbuf_alloc
                0x100085f0      0x134 CMakeFiles/joystick.dir/home/emileny/.pico-sdk/sdk/1.5.1/lib/lwip/src/core/pbuf.c.obj
                0x100085f0                pbuf_alloc
 .text.pbuf_alloced_custom
                0x10008724       0x38 CMakeFiles/joystick.dir/home/emileny/.pico-sdk/sdk/1.5.1/lib/lwip/src/core/pbuf.c.obj
                0x10008724                pbuf_alloced_custom
 .text.pbuf_realloc
                0x1000875c       0x8c CMakeFiles/joystick.dir/home/emileny/.pico-sdk/sdk/1.5.1/lib/lwip/src/core/pbuf.c.obj
                0x1000875c                pbuf_realloc
 .text.pbuf_add_header
                0x100087e8       0x50 CMakeFiles/joystick.dir/home/emileny/.pico-sdk/sdk/1.5.1/lib/lwip/src/core/pbuf.c.obj
                0x100087e8                pbuf_add_header
 .text.pbuf_remove_header
                0x10008838       0x3c CMakeFiles/joystick.dir/home/emileny/.pico-sdk/sdk/1.5.1/lib/lwip/src/core/pbuf.c.obj
                0x10008838                pbuf_remove_header
 .text.pbuf_header_force
                0x10008874       0x68 CMakeFiles/joystick.dir/home/emileny/.pico-sdk/sdk/1.5.1/lib/lwip/src/core/pbuf.c.obj
                0x10008874                pbuf_header_force
 .text.pbuf_free
                0x100088dc       0x18 CMakeFiles/joystick.dir/home/emileny/.pico-sdk/sdk/1.5.1/lib/lwip/src/core/pbuf.c.obj
                0x100088dc                pbuf_free
 .text.pbuf_clen
                0x100088f4       0x14 CMakeFiles/joystick.dir/home/emileny/.pico-sdk/sdk/1.5.1/lib/lwip/src/core/pbuf.c.obj
                0x100088f4                pbuf_clen
 .text.pbuf_ref
                0x10008908       0x28 CMakeFiles/joystick.dir/home/emileny/.pico-sdk/sdk/1.5.1/lib/lwip/src/core/pbuf.c.obj
                0x10008908                pbuf_ref
 .text.pbuf_cat
                0x10008930       0x44 CMakeFiles/joystick.dir/home/emileny/.pico-sdk/sdk/1.5.1/lib/lwip/src/core/pbuf.c.obj
                0x10008930                pbuf_cat
 .text.pbuf_chain
                0x10008974       0x64 CMakeFiles/joystick.dir/home/emileny/.pico-sdk/sdk/1.5.1/lib/lwip/src/core/pbuf.c.obj
                0x10008974                pbuf_chain
 .text.pbuf_copy_partial_pbuf
                0x100089d8      0x148 CMakeFiles/joystick.dir/home/emileny/.pico-sdk/sdk/1.5.1/lib/lwip/src/core/pbuf.c.obj
                0x100089d8                pbuf_copy_partial_pbuf
 .text.pbuf_copy
                0x10008b20       0x18 CMakeFiles/joystick.dir/home/emileny/.pico-sdk/sdk/1.5.1/lib/lwip/src/core/pbuf.c.obj
                0x10008b20                pbuf_copy
 .text.pbuf_copy_partial
                0x10008b38       0x68 CMakeFiles/joystick.dir/home/emileny/.pico-sdk/sdk/1.5.1/lib/lwip/src/core/pbuf.c.obj
                0x10008b38                pbuf_copy_partial
 .text.pbuf_take
                0x10008ba0       0x78 CMakeFiles/joystick.dir/home/emileny/.pico-sdk/sdk/1.5.1/lib/lwip/src/core/pbuf.c.obj
                0x10008ba0                pbuf_take
 .text.pbuf_take_at
                0x10008c18       0xcc CMakeFiles/joystick.dir/home/emileny/.pico-sdk/sdk/1.5.1/lib/lwip/src/core/pbuf.c.obj
                0x10008c18                pbuf_take_at
 .text.pbuf_clone
                0x10008ce4       0x30 CMakeFiles/joystick.dir/home/emileny/.pico-sdk/sdk/1.5.1/lib/lwip/src/core/pbuf.c.obj
                0x10008ce4                pbuf_clone
 .text.pbuf_put_at
                0x10008d14       0x1c CMakeFiles/joystick.dir/home/emileny/.pico-sdk/sdk/1.5.1/lib/lwip/src/core/pbuf.c.obj
                0x10008d14                pbuf_put_at
 .text.raw_input
                0x10008d30      0x164 CMakeFiles/joystick.dir/home/emileny/.pico-sdk/sdk/1.5.1/lib/lwip/src/core/raw.c.obj
                0x10008d30                raw_input
 .text.raw_netif_ip_addr_changed
                0x10008e94       0x40 CMakeFiles/joystick.dir/home/emileny/.pico-sdk/sdk/1.5.1/lib/lwip/src/core/raw.c.obj
                0x10008e94                raw_netif_ip_addr_changed
 .text.stats_init
                0x10008ed4        0x4 CMakeFiles/joystick.dir/home/emileny/.pico-sdk/sdk/1.5.1/lib/lwip/src/core/stats.c.obj
                0x10008ed4                stats_init
 .text.tcp_close_shutdown_fin
                0x10008ed8       0x54 CMakeFiles/joystick.dir/home/emileny/.pico-sdk/sdk/1.5.1/lib/lwip/src/core/tcp.c.obj
 .text.tcp_pcb_purge.part.0
                0x10008f2c       0xc4 CMakeFiles/joystick.dir/home/emileny/.pico-sdk/sdk/1.5.1/lib/lwip/src/core/tcp.c.obj
 .text.tcp_init
                0x10008ff0       0x20 CMakeFiles/joystick.dir/home/emileny/.pico-sdk/sdk/1.5.1/lib/lwip/src/core/tcp.c.obj
                0x10008ff0                tcp_init
 .text.tcp_free
                0x10009010       0x1c CMakeFiles/joystick.dir/home/emileny/.pico-sdk/sdk/1.5.1/lib/lwip/src/core/tcp.c.obj
                0x10009010                tcp_free
 .text.tcp_bind
                0x1000902c       0xf4 CMakeFiles/joystick.dir/home/emileny/.pico-sdk/sdk/1.5.1/lib/lwip/src/core/tcp.c.obj
                0x1000902c                tcp_bind
 .text.tcp_listen_with_backlog
                0x10009120       0x98 CMakeFiles/joystick.dir/home/emileny/.pico-sdk/sdk/1.5.1/lib/lwip/src/core/tcp.c.obj
                0x10009120                tcp_listen_with_backlog
 .text.tcp_update_rcv_ann_wnd
                0x100091b8       0x54 CMakeFiles/joystick.dir/home/emileny/.pico-sdk/sdk/1.5.1/lib/lwip/src/core/tcp.c.obj
                0x100091b8                tcp_update_rcv_ann_wnd
 .text.tcp_recved
                0x1000920c       0x90 CMakeFiles/joystick.dir/home/emileny/.pico-sdk/sdk/1.5.1/lib/lwip/src/core/tcp.c.obj
                0x1000920c                tcp_recved
 .text.tcp_slowtmr
                0x1000929c      0x520 CMakeFiles/joystick.dir/home/emileny/.pico-sdk/sdk/1.5.1/lib/lwip/src/core/tcp.c.obj
                0x1000929c                tcp_slowtmr
 .text.tcp_segs_free
                0x100097bc       0x38 CMakeFiles/joystick.dir/home/emileny/.pico-sdk/sdk/1.5.1/lib/lwip/src/core/tcp.c.obj
                0x100097bc                tcp_segs_free
 .text.tcp_seg_free
                0x100097f4       0x1c CMakeFiles/joystick.dir/home/emileny/.pico-sdk/sdk/1.5.1/lib/lwip/src/core/tcp.c.obj
                0x100097f4                tcp_seg_free
 .text.tcp_seg_copy
                0x10009810       0x2c CMakeFiles/joystick.dir/home/emileny/.pico-sdk/sdk/1.5.1/lib/lwip/src/core/tcp.c.obj
                0x10009810                tcp_seg_copy
 .text.tcp_recv
                0x1000983c       0x1c CMakeFiles/joystick.dir/home/emileny/.pico-sdk/sdk/1.5.1/lib/lwip/src/core/tcp.c.obj
                0x1000983c                tcp_recv
 .text.tcp_accept
                0x10009858       0x10 CMakeFiles/joystick.dir/home/emileny/.pico-sdk/sdk/1.5.1/lib/lwip/src/core/tcp.c.obj
                0x10009858                tcp_accept
 .text.tcp_pcb_purge
                0x10009868       0x18 CMakeFiles/joystick.dir/home/emileny/.pico-sdk/sdk/1.5.1/lib/lwip/src/core/tcp.c.obj
                0x10009868                tcp_pcb_purge
 .text.tcp_pcb_remove
                0x10009880       0xc8 CMakeFiles/joystick.dir/home/emileny/.pico-sdk/sdk/1.5.1/lib/lwip/src/core/tcp.c.obj
                0x10009880                tcp_pcb_remove
 .text.tcp_abandon
                0x10009948      0x1a0 CMakeFiles/joystick.dir/home/emileny/.pico-sdk/sdk/1.5.1/lib/lwip/src/core/tcp.c.obj
                0x10009948                tcp_abandon
 .text.tcp_abort
                0x10009ae8        0xc CMakeFiles/joystick.dir/home/emileny/.pico-sdk/sdk/1.5.1/lib/lwip/src/core/tcp.c.obj
                0x10009ae8                tcp_abort
 .text.tcp_accept_null
                0x10009af4       0x20 CMakeFiles/joystick.dir/home/emileny/.pico-sdk/sdk/1.5.1/lib/lwip/src/core/tcp.c.obj
 .text.tcp_alloc
                0x10009b14      0x1fc CMakeFiles/joystick.dir/home/emileny/.pico-sdk/sdk/1.5.1/lib/lwip/src/core/tcp.c.obj
                0x10009b14                tcp_alloc
 .text.tcp_new  0x10009d10        0xc CMakeFiles/joystick.dir/home/emileny/.pico-sdk/sdk/1.5.1/lib/lwip/src/core/tcp.c.obj
                0x10009d10                tcp_new
 .text.tcp_close_shutdown
                0x10009d1c      0x184 CMakeFiles/joystick.dir/home/emileny/.pico-sdk/sdk/1.5.1/lib/lwip/src/core/tcp.c.obj
 .text.tcp_recv_null
                0x10009ea0       0xc4 CMakeFiles/joystick.dir/home/emileny/.pico-sdk/sdk/1.5.1/lib/lwip/src/core/tcp.c.obj
                0x10009ea0                tcp_recv_null
 .text.tcp_process_refused_data
                0x10009f64       0x74 CMakeFiles/joystick.dir/home/emileny/.pico-sdk/sdk/1.5.1/lib/lwip/src/core/tcp.c.obj
                0x10009f64                tcp_process_refused_data
 .text.tcp_fasttmr
                0x10009fd8       0x98 CMakeFiles/joystick.dir/home/emileny/.pico-sdk/sdk/1.5.1/lib/lwip/src/core/tcp.c.obj
                0x10009fd8                tcp_fasttmr
 .text.tcp_tmr  0x1000a070       0x20 CMakeFiles/joystick.dir/home/emileny/.pico-sdk/sdk/1.5.1/lib/lwip/src/core/tcp.c.obj
                0x1000a070                tcp_tmr
 .text.tcp_close
                0x1000a090      0x16c CMakeFiles/joystick.dir/home/emileny/.pico-sdk/sdk/1.5.1/lib/lwip/src/core/tcp.c.obj
                0x1000a090                tcp_close
 .text.tcp_next_iss
                0x1000a1fc       0x28 CMakeFiles/joystick.dir/home/emileny/.pico-sdk/sdk/1.5.1/lib/lwip/src/core/tcp.c.obj
                0x1000a1fc                tcp_next_iss
 .text.tcp_eff_send_mss_netif
                0x1000a224       0x34 CMakeFiles/joystick.dir/home/emileny/.pico-sdk/sdk/1.5.1/lib/lwip/src/core/tcp.c.obj
                0x1000a224                tcp_eff_send_mss_netif
 .text.tcp_netif_ip_addr_changed
                0x1000a258       0xb0 CMakeFiles/joystick.dir/home/emileny/.pico-sdk/sdk/1.5.1/lib/lwip/src/core/tcp.c.obj
                0x1000a258                tcp_netif_ip_addr_changed
 .text.tcp_free_ooseq
                0x1000a308       0x40 CMakeFiles/joystick.dir/home/emileny/.pico-sdk/sdk/1.5.1/lib/lwip/src/core/tcp.c.obj
                0x1000a308                tcp_free_ooseq
 .text.tcp_parseopt
                0x1000a348      0x1b8 CMakeFiles/joystick.dir/home/emileny/.pico-sdk/sdk/1.5.1/lib/lwip/src/core/tcp_in.c.obj
 .text.tcp_oos_insert_segment
                0x1000a500       0xdc CMakeFiles/joystick.dir/home/emileny/.pico-sdk/sdk/1.5.1/lib/lwip/src/core/tcp_in.c.obj
 .text.tcp_free_acked_segments.isra.0
                0x1000a5dc       0xdc CMakeFiles/joystick.dir/home/emileny/.pico-sdk/sdk/1.5.1/lib/lwip/src/core/tcp_in.c.obj
 .text.tcp_receive
                0x1000a6b8      0xa00 CMakeFiles/joystick.dir/home/emileny/.pico-sdk/sdk/1.5.1/lib/lwip/src/core/tcp_in.c.obj
 .text.tcp_input
                0x1000b0b8      0xe50 CMakeFiles/joystick.dir/home/emileny/.pico-sdk/sdk/1.5.1/lib/lwip/src/core/tcp_in.c.obj
                0x1000b0b8                tcp_input
 .text.tcp_trigger_input_pcb_close
                0x1000bf08       0x10 CMakeFiles/joystick.dir/home/emileny/.pico-sdk/sdk/1.5.1/lib/lwip/src/core/tcp_in.c.obj
                0x1000bf08                tcp_trigger_input_pcb_close
 .text.tcp_create_segment
                0x1000bf18       0xf8 CMakeFiles/joystick.dir/home/emileny/.pico-sdk/sdk/1.5.1/lib/lwip/src/core/tcp_out.c.obj
 .text.tcp_output_control_segment
                0x1000c010       0xc0 CMakeFiles/joystick.dir/home/emileny/.pico-sdk/sdk/1.5.1/lib/lwip/src/core/tcp_out.c.obj
 .text.tcp_output_alloc_header.constprop.0
                0x1000c0d0       0xc8 CMakeFiles/joystick.dir/home/emileny/.pico-sdk/sdk/1.5.1/lib/lwip/src/core/tcp_out.c.obj
 .text.tcp_write
                0x1000c198      0x7ec CMakeFiles/joystick.dir/home/emileny/.pico-sdk/sdk/1.5.1/lib/lwip/src/core/tcp_out.c.obj
                0x1000c198                tcp_write
 .text.tcp_split_unsent_seg
                0x1000c984      0x1b4 CMakeFiles/joystick.dir/home/emileny/.pico-sdk/sdk/1.5.1/lib/lwip/src/core/tcp_out.c.obj
                0x1000c984                tcp_split_unsent_seg
 .text.tcp_send_fin
                0x1000cb38      0x118 CMakeFiles/joystick.dir/home/emileny/.pico-sdk/sdk/1.5.1/lib/lwip/src/core/tcp_out.c.obj
                0x1000cb38                tcp_send_fin
 .text.tcp_enqueue_flags
                0x1000cc50      0x108 CMakeFiles/joystick.dir/home/emileny/.pico-sdk/sdk/1.5.1/lib/lwip/src/core/tcp_out.c.obj
                0x1000cc50                tcp_enqueue_flags
 .text.tcp_rexmit_rto_prepare
                0x1000cd58       0x9c CMakeFiles/joystick.dir/home/emileny/.pico-sdk/sdk/1.5.1/lib/lwip/src/core/tcp_out.c.obj
                0x1000cd58                tcp_rexmit_rto_prepare
 .text.tcp_rexmit
                0x1000cdf4       0x9c CMakeFiles/joystick.dir/home/emileny/.pico-sdk/sdk/1.5.1/lib/lwip/src/core/tcp_out.c.obj
                0x1000cdf4                tcp_rexmit
 .text.tcp_rexmit_fast
                0x1000ce90       0x64 CMakeFiles/joystick.dir/home/emileny/.pico-sdk/sdk/1.5.1/lib/lwip/src/core/tcp_out.c.obj
                0x1000ce90                tcp_rexmit_fast
 .text.tcp_rst  0x1000cef4       0xe8 CMakeFiles/joystick.dir/home/emileny/.pico-sdk/sdk/1.5.1/lib/lwip/src/core/tcp_out.c.obj
                0x1000cef4                tcp_rst
 .text.tcp_rst_netif
                0x1000cfdc      0x130 CMakeFiles/joystick.dir/home/emileny/.pico-sdk/sdk/1.5.1/lib/lwip/src/core/tcp_out.c.obj
                0x1000cfdc                tcp_rst_netif
 .text.tcp_send_empty_ack
                0x1000d10c       0x4c CMakeFiles/joystick.dir/home/emileny/.pico-sdk/sdk/1.5.1/lib/lwip/src/core/tcp_out.c.obj
                0x1000d10c                tcp_send_empty_ack
 .text.tcp_output
                0x1000d158      0x454 CMakeFiles/joystick.dir/home/emileny/.pico-sdk/sdk/1.5.1/lib/lwip/src/core/tcp_out.c.obj
                0x1000d158                tcp_output
 .text.tcp_rexmit_rto_commit
                0x1000d5ac       0x24 CMakeFiles/joystick.dir/home/emileny/.pico-sdk/sdk/1.5.1/lib/lwip/src/core/tcp_out.c.obj
                0x1000d5ac                tcp_rexmit_rto_commit
 .text.tcp_rexmit_rto
                0x1000d5d0       0xa4 CMakeFiles/joystick.dir/home/emileny/.pico-sdk/sdk/1.5.1/lib/lwip/src/core/tcp_out.c.obj
                0x1000d5d0                tcp_rexmit_rto
 .text.tcp_keepalive
                0x1000d674       0xdc CMakeFiles/joystick.dir/home/emileny/.pico-sdk/sdk/1.5.1/lib/lwip/src/core/tcp_out.c.obj
                0x1000d674                tcp_keepalive
 .text.tcp_zero_window_probe
                0x1000d750      0x110 CMakeFiles/joystick.dir/home/emileny/.pico-sdk/sdk/1.5.1/lib/lwip/src/core/tcp_out.c.obj
                0x1000d750                tcp_zero_window_probe
 .text.tcpip_tcp_timer
                0x1000d860       0x78 CMakeFiles/joystick.dir/home/emileny/.pico-sdk/sdk/1.5.1/lib/lwip/src/core/timeouts.c.obj
 .text.lwip_cyclic_timer
                0x1000d8d8       0x98 CMakeFiles/joystick.dir/home/emileny/.pico-sdk/sdk/1.5.1/lib/lwip/src/core/timeouts.c.obj
 .text.tcp_timer_needed
                0x1000d970       0x7c CMakeFiles/joystick.dir/home/emileny/.pico-sdk/sdk/1.5.1/lib/lwip/src/core/timeouts.c.obj
                0x1000d970                tcp_timer_needed
 .text.sys_timeouts_init
                0x1000d9ec       0x8c CMakeFiles/joystick.dir/home/emileny/.pico-sdk/sdk/1.5.1/lib/lwip/src/core/timeouts.c.obj
                0x1000d9ec                sys_timeouts_init
 .text.sys_check_timeouts
                0x1000da78       0x68 CMakeFiles/joystick.dir/home/emileny/.pico-sdk/sdk/1.5.1/lib/lwip/src/core/timeouts.c.obj
                0x1000da78                sys_check_timeouts
 .text.sys_timeouts_sleeptime
                0x1000dae0       0x28 CMakeFiles/joystick.dir/home/emileny/.pico-sdk/sdk/1.5.1/lib/lwip/src/core/timeouts.c.obj
                0x1000dae0                sys_timeouts_sleeptime
 .text.udp_init
                0x1000db08       0x20 CMakeFiles/joystick.dir/home/emileny/.pico-sdk/sdk/1.5.1/lib/lwip/src/core/udp.c.obj
                0x1000db08                udp_init
 .text.udp_input
                0x1000db28      0x320 CMakeFiles/joystick.dir/home/emileny/.pico-sdk/sdk/1.5.1/lib/lwip/src/core/udp.c.obj
                0x1000db28                udp_input
 .text.udp_bind
                0x1000de48      0x118 CMakeFiles/joystick.dir/home/emileny/.pico-sdk/sdk/1.5.1/lib/lwip/src/core/udp.c.obj
                0x1000de48                udp_bind
 .text.udp_sendto_if_src
                0x1000df60      0x130 CMakeFiles/joystick.dir/home/emileny/.pico-sdk/sdk/1.5.1/lib/lwip/src/core/udp.c.obj
                0x1000df60                udp_sendto_if_src
 .text.udp_sendto_if
                0x1000e090       0x48 CMakeFiles/joystick.dir/home/emileny/.pico-sdk/sdk/1.5.1/lib/lwip/src/core/udp.c.obj
                0x1000e090                udp_sendto_if
 .text.udp_sendto
                0x1000e0d8       0x78 CMakeFiles/joystick.dir/home/emileny/.pico-sdk/sdk/1.5.1/lib/lwip/src/core/udp.c.obj
                0x1000e0d8                udp_sendto
 .text.udp_connect
                0x1000e150       0x60 CMakeFiles/joystick.dir/home/emileny/.pico-sdk/sdk/1.5.1/lib/lwip/src/core/udp.c.obj
                0x1000e150                udp_connect
 .text.udp_recv
                0x1000e1b0        0xc CMakeFiles/joystick.dir/home/emileny/.pico-sdk/sdk/1.5.1/lib/lwip/src/core/udp.c.obj
                0x1000e1b0                udp_recv
 .text.udp_remove
                0x1000e1bc       0x3c CMakeFiles/joystick.dir/home/emileny/.pico-sdk/sdk/1.5.1/lib/lwip/src/core/udp.c.obj
                0x1000e1bc                udp_remove
 .text.udp_new  0x1000e1f8       0x1c CMakeFiles/joystick.dir/home/emileny/.pico-sdk/sdk/1.5.1/lib/lwip/src/core/udp.c.obj
                0x1000e1f8                udp_new
 .text.udp_netif_ip_addr_changed
                0x1000e214       0x40 CMakeFiles/joystick.dir/home/emileny/.pico-sdk/sdk/1.5.1/lib/lwip/src/core/udp.c.obj
                0x1000e214                udp_netif_ip_addr_changed
 .text.autoip_network_changed_link_up
                0x1000e254       0x20 CMakeFiles/joystick.dir/home/emileny/.pico-sdk/sdk/1.5.1/lib/lwip/src/core/ipv4/autoip.c.obj
                0x1000e254                autoip_network_changed_link_up
 .text.autoip_network_changed_link_down
                0x1000e274        0x4 CMakeFiles/joystick.dir/home/emileny/.pico-sdk/sdk/1.5.1/lib/lwip/src/core/ipv4/autoip.c.obj
                0x1000e274                autoip_network_changed_link_down
 .text.autoip_accept_packet
                0x1000e278       0x24 CMakeFiles/joystick.dir/home/emileny/.pico-sdk/sdk/1.5.1/lib/lwip/src/core/ipv4/autoip.c.obj
                0x1000e278                autoip_accept_packet
 .text.dhcp_create_msg
                0x1000e29c      0x164 CMakeFiles/joystick.dir/home/emileny/.pico-sdk/sdk/1.5.1/lib/lwip/src/core/ipv4/dhcp.c.obj
 .text.dhcp_bind
                0x1000e400      0x154 CMakeFiles/joystick.dir/home/emileny/.pico-sdk/sdk/1.5.1/lib/lwip/src/core/ipv4/dhcp.c.obj
 .text.dhcp_inc_pcb_refcount
                0x1000e554       0x6c CMakeFiles/joystick.dir/home/emileny/.pico-sdk/sdk/1.5.1/lib/lwip/src/core/ipv4/dhcp.c.obj
 .text.dhcp_option_hostname.isra.0
                0x1000e5c0       0x84 CMakeFiles/joystick.dir/home/emileny/.pico-sdk/sdk/1.5.1/lib/lwip/src/core/ipv4/dhcp.c.obj
 .text.dhcp_handle_ack.isra.0
                0x1000e644       0xcc CMakeFiles/joystick.dir/home/emileny/.pico-sdk/sdk/1.5.1/lib/lwip/src/core/ipv4/dhcp.c.obj
 .text.dhcp_discover
                0x1000e710      0x140 CMakeFiles/joystick.dir/home/emileny/.pico-sdk/sdk/1.5.1/lib/lwip/src/core/ipv4/dhcp.c.obj
 .text.dhcp_reboot.isra.0
                0x1000e850      0x178 CMakeFiles/joystick.dir/home/emileny/.pico-sdk/sdk/1.5.1/lib/lwip/src/core/ipv4/dhcp.c.obj
 .text.dhcp_select.isra.0
                0x1000e9c8      0x1e0 CMakeFiles/joystick.dir/home/emileny/.pico-sdk/sdk/1.5.1/lib/lwip/src/core/ipv4/dhcp.c.obj
 .text.dhcp_recv
                0x1000eba8      0x498 CMakeFiles/joystick.dir/home/emileny/.pico-sdk/sdk/1.5.1/lib/lwip/src/core/ipv4/dhcp.c.obj
 .text.dhcp_conflict_callback
                0x1000f040      0x128 CMakeFiles/joystick.dir/home/emileny/.pico-sdk/sdk/1.5.1/lib/lwip/src/core/ipv4/dhcp.c.obj
 .text.dhcp_set_struct
                0x1000f168       0x44 CMakeFiles/joystick.dir/home/emileny/.pico-sdk/sdk/1.5.1/lib/lwip/src/core/ipv4/dhcp.c.obj
                0x1000f168                dhcp_set_struct
 .text.dhcp_network_changed_link_up
                0x1000f1ac       0x40 CMakeFiles/joystick.dir/home/emileny/.pico-sdk/sdk/1.5.1/lib/lwip/src/core/ipv4/dhcp.c.obj
                0x1000f1ac                dhcp_network_changed_link_up
 .text.dhcp_renew
                0x1000f1ec      0x138 CMakeFiles/joystick.dir/home/emileny/.pico-sdk/sdk/1.5.1/lib/lwip/src/core/ipv4/dhcp.c.obj
                0x1000f1ec                dhcp_renew
 .text.dhcp_release_and_stop
                0x1000f324      0x16c CMakeFiles/joystick.dir/home/emileny/.pico-sdk/sdk/1.5.1/lib/lwip/src/core/ipv4/dhcp.c.obj
                0x1000f324                dhcp_release_and_stop
 .text.dhcp_start
                0x1000f490       0xc0 CMakeFiles/joystick.dir/home/emileny/.pico-sdk/sdk/1.5.1/lib/lwip/src/core/ipv4/dhcp.c.obj
                0x1000f490                dhcp_start
 .text.dhcp_coarse_tmr
                0x1000f550      0x1d8 CMakeFiles/joystick.dir/home/emileny/.pico-sdk/sdk/1.5.1/lib/lwip/src/core/ipv4/dhcp.c.obj
                0x1000f550                dhcp_coarse_tmr
 .text.dhcp_fine_tmr
                0x1000f728       0x78 CMakeFiles/joystick.dir/home/emileny/.pico-sdk/sdk/1.5.1/lib/lwip/src/core/ipv4/dhcp.c.obj
                0x1000f728                dhcp_fine_tmr
 .text.dhcp_stop
                0x1000f7a0        0x8 CMakeFiles/joystick.dir/home/emileny/.pico-sdk/sdk/1.5.1/lib/lwip/src/core/ipv4/dhcp.c.obj
                0x1000f7a0                dhcp_stop
 .text.etharp_find_entry
                0x1000f7a8      0x3c0 CMakeFiles/joystick.dir/home/emileny/.pico-sdk/sdk/1.5.1/lib/lwip/src/core/ipv4/etharp.c.obj
 .text.etharp_raw
                0x1000fb68      0x110 CMakeFiles/joystick.dir/home/emileny/.pico-sdk/sdk/1.5.1/lib/lwip/src/core/ipv4/etharp.c.obj
 .text.etharp_output_to_arp_index
                0x1000fc78       0xd0 CMakeFiles/joystick.dir/home/emileny/.pico-sdk/sdk/1.5.1/lib/lwip/src/core/ipv4/etharp.c.obj
 .text.etharp_tmr
                0x1000fd48       0x94 CMakeFiles/joystick.dir/home/emileny/.pico-sdk/sdk/1.5.1/lib/lwip/src/core/ipv4/etharp.c.obj
                0x1000fd48                etharp_tmr
 .text.etharp_cleanup_netif
                0x1000fddc      0x188 CMakeFiles/joystick.dir/home/emileny/.pico-sdk/sdk/1.5.1/lib/lwip/src/core/ipv4/etharp.c.obj
                0x1000fddc                etharp_cleanup_netif
 .text.etharp_input
                0x1000ff64      0x1c0 CMakeFiles/joystick.dir/home/emileny/.pico-sdk/sdk/1.5.1/lib/lwip/src/core/ipv4/etharp.c.obj
                0x1000ff64                etharp_input
 .text.etharp_query
                0x10010124      0x1b8 CMakeFiles/joystick.dir/home/emileny/.pico-sdk/sdk/1.5.1/lib/lwip/src/core/ipv4/etharp.c.obj
                0x10010124                etharp_query
 .text.etharp_output
                0x100102dc      0x25c CMakeFiles/joystick.dir/home/emileny/.pico-sdk/sdk/1.5.1/lib/lwip/src/core/ipv4/etharp.c.obj
                0x100102dc                etharp_output
 .text.etharp_acd_probe
                0x10010538       0x30 CMakeFiles/joystick.dir/home/emileny/.pico-sdk/sdk/1.5.1/lib/lwip/src/core/ipv4/etharp.c.obj
                0x10010538                etharp_acd_probe
 .text.etharp_acd_announce
                0x10010568       0x2c CMakeFiles/joystick.dir/home/emileny/.pico-sdk/sdk/1.5.1/lib/lwip/src/core/ipv4/etharp.c.obj
                0x10010568                etharp_acd_announce
 .text.icmp_input
                0x10010594      0x1ec CMakeFiles/joystick.dir/home/emileny/.pico-sdk/sdk/1.5.1/lib/lwip/src/core/ipv4/icmp.c.obj
                0x10010594                icmp_input
 .text.icmp_dest_unreach
                0x10010780       0xcc CMakeFiles/joystick.dir/home/emileny/.pico-sdk/sdk/1.5.1/lib/lwip/src/core/ipv4/icmp.c.obj
                0x10010780                icmp_dest_unreach
 .text.icmp_time_exceeded
                0x1001084c       0xcc CMakeFiles/joystick.dir/home/emileny/.pico-sdk/sdk/1.5.1/lib/lwip/src/core/ipv4/icmp.c.obj
                0x1001084c                icmp_time_exceeded
 .text.ipfrag_free_pbuf_custom
                0x10010918       0x24 CMakeFiles/joystick.dir/home/emileny/.pico-sdk/sdk/1.5.1/lib/lwip/src/core/ipv4/ip4_frag.c.obj
 .text.ip_reass_free_complete_datagram
                0x1001093c      0x11c CMakeFiles/joystick.dir/home/emileny/.pico-sdk/sdk/1.5.1/lib/lwip/src/core/ipv4/ip4_frag.c.obj
 .text.ip_reass_remove_oldest_datagram
                0x10010a58       0xd8 CMakeFiles/joystick.dir/home/emileny/.pico-sdk/sdk/1.5.1/lib/lwip/src/core/ipv4/ip4_frag.c.obj
 .text.ip_reass_tmr
                0x10010b30       0x30 CMakeFiles/joystick.dir/home/emileny/.pico-sdk/sdk/1.5.1/lib/lwip/src/core/ipv4/ip4_frag.c.obj
                0x10010b30                ip_reass_tmr
 .text.ip4_reass
                0x10010b60      0x564 CMakeFiles/joystick.dir/home/emileny/.pico-sdk/sdk/1.5.1/lib/lwip/src/core/ipv4/ip4_frag.c.obj
                0x10010b60                ip4_reass
 .text.ip4_frag
                0x100110c4      0x200 CMakeFiles/joystick.dir/home/emileny/.pico-sdk/sdk/1.5.1/lib/lwip/src/core/ipv4/ip4_frag.c.obj
                0x100110c4                ip4_frag
 .text.ip4_route
                0x100112c4       0x80 CMakeFiles/joystick.dir/home/emileny/.pico-sdk/sdk/1.5.1/lib/lwip/src/core/ipv4/ip4.c.obj
                0x100112c4                ip4_route
 .text.ip4_input
                0x10011344      0x348 CMakeFiles/joystick.dir/home/emileny/.pico-sdk/sdk/1.5.1/lib/lwip/src/core/ipv4/ip4.c.obj
                0x10011344                ip4_input
 .text.ip4_output_if
                0x1001168c      0x190 CMakeFiles/joystick.dir/home/emileny/.pico-sdk/sdk/1.5.1/lib/lwip/src/core/ipv4/ip4.c.obj
                0x1001168c                ip4_output_if
 .text.ip4_output_if_src
                0x1001181c      0x188 CMakeFiles/joystick.dir/home/emileny/.pico-sdk/sdk/1.5.1/lib/lwip/src/core/ipv4/ip4.c.obj
                0x1001181c                ip4_output_if_src
 .text.ip4_addr_isbroadcast_u32
                0x100119a4       0x3c CMakeFiles/joystick.dir/home/emileny/.pico-sdk/sdk/1.5.1/lib/lwip/src/core/ipv4/ip4_addr.c.obj
                0x100119a4                ip4_addr_isbroadcast_u32
 .text.ip4addr_ntoa
                0x100119e0       0xec CMakeFiles/joystick.dir/home/emileny/.pico-sdk/sdk/1.5.1/lib/lwip/src/core/ipv4/ip4_addr.c.obj
                0x100119e0                ip4addr_ntoa
 .text.acd_add  0x10011acc       0x34 CMakeFiles/joystick.dir/home/emileny/.pico-sdk/sdk/1.5.1/lib/lwip/src/core/ipv4/acd.c.obj
                0x10011acc                acd_add
 .text.acd_remove
                0x10011b00       0x30 CMakeFiles/joystick.dir/home/emileny/.pico-sdk/sdk/1.5.1/lib/lwip/src/core/ipv4/acd.c.obj
                0x10011b00                acd_remove
 .text.acd_start
                0x10011b30       0x20 CMakeFiles/joystick.dir/home/emileny/.pico-sdk/sdk/1.5.1/lib/lwip/src/core/ipv4/acd.c.obj
                0x10011b30                acd_start
 .text.acd_network_changed_link_down
                0x10011b50       0x14 CMakeFiles/joystick.dir/home/emileny/.pico-sdk/sdk/1.5.1/lib/lwip/src/core/ipv4/acd.c.obj
                0x10011b50                acd_network_changed_link_down
 .text.acd_tmr  0x10011b64       0xe8 CMakeFiles/joystick.dir/home/emileny/.pico-sdk/sdk/1.5.1/lib/lwip/src/core/ipv4/acd.c.obj
                0x10011b64                acd_tmr
 .text.acd_arp_reply
                0x10011c4c       0xe8 CMakeFiles/joystick.dir/home/emileny/.pico-sdk/sdk/1.5.1/lib/lwip/src/core/ipv4/acd.c.obj
                0x10011c4c                acd_arp_reply
 .text.acd_netif_ip_addr_changed
                0x10011d34       0x7c CMakeFiles/joystick.dir/home/emileny/.pico-sdk/sdk/1.5.1/lib/lwip/src/core/ipv4/acd.c.obj
                0x10011d34                acd_netif_ip_addr_changed
 .text.ethernet_input
                0x10011db0       0xd0 CMakeFiles/joystick.dir/home/emileny/.pico-sdk/sdk/1.5.1/lib/lwip/src/netif/ethernet.c.obj
                0x10011db0                ethernet_input
 .text.ethernet_output
                0x10011e80       0x78 CMakeFiles/joystick.dir/home/emileny/.pico-sdk/sdk/1.5.1/lib/lwip/src/netif/ethernet.c.obj
                0x10011e80                ethernet_output
 .text.cyw43_arch_wifi_connect_bssid_until.part.0
                0x10011ef8      0x150 CMakeFiles/joystick.dir/home/emileny/.pico-sdk/sdk/1.5.1/src/rp2_common/pico_cyw43_arch/cyw43_arch.c.obj
 .text.cyw43_arch_set_async_context
                0x10012048        0xc CMakeFiles/joystick.dir/home/emileny/.pico-sdk/sdk/1.5.1/src/rp2_common/pico_cyw43_arch/cyw43_arch.c.obj
                0x10012048                cyw43_arch_set_async_context
 .text.cyw43_arch_enable_sta_mode
                0x10012054       0x1c CMakeFiles/joystick.dir/home/emileny/.pico-sdk/sdk/1.5.1/src/rp2_common/pico_cyw43_arch/cyw43_arch.c.obj
                0x10012054                cyw43_arch_enable_sta_mode
 .text.cyw43_arch_wifi_connect_timeout_ms
                0x10012070       0xa0 CMakeFiles/joystick.dir/home/emileny/.pico-sdk/sdk/1.5.1/src/rp2_common/pico_cyw43_arch/cyw43_arch.c.obj
                0x10012070                cyw43_arch_wifi_connect_timeout_ms
 .text.cyw43_arch_async_context
                0x10012110        0xc CMakeFiles/joystick.dir/home/emileny/.pico-sdk/sdk/1.5.1/src/rp2_common/pico_cyw43_arch/cyw43_arch.c.obj
                0x10012110                cyw43_arch_async_context
 .text.cyw43_arch_poll
                0x1001211c       0x18 CMakeFiles/joystick.dir/home/emileny/.pico-sdk/sdk/1.5.1/src/rp2_common/pico_cyw43_arch/cyw43_arch.c.obj
                0x1001211c                cyw43_arch_poll
 .text.cyw43_arch_init
                0x10012134       0x74 CMakeFiles/joystick.dir/home/emileny/.pico-sdk/sdk/1.5.1/src/rp2_common/pico_cyw43_arch/cyw43_arch_threadsafe_background.c.obj
                0x10012134                cyw43_arch_init
 .text.ns_delay.constprop.0
                0x100121a8       0x20 CMakeFiles/joystick.dir/home/emileny/.pico-sdk/sdk/1.5.1/src/rp2_common/pico_cyw43_driver/cyw43_bus_pio_spi.c.obj
 .text.cyw43_spi_deinit
                0x100121c8       0x7c CMakeFiles/joystick.dir/home/emileny/.pico-sdk/sdk/1.5.1/src/rp2_common/pico_cyw43_driver/cyw43_bus_pio_spi.c.obj
                0x100121c8                cyw43_spi_deinit
 .text.cyw43_spi_init
                0x10012244      0x14c CMakeFiles/joystick.dir/home/emileny/.pico-sdk/sdk/1.5.1/src/rp2_common/pico_cyw43_driver/cyw43_bus_pio_spi.c.obj
                0x10012244                cyw43_spi_init
 .text.cyw43_spi_transfer
                0x10012390      0x3e0 CMakeFiles/joystick.dir/home/emileny/.pico-sdk/sdk/1.5.1/src/rp2_common/pico_cyw43_driver/cyw43_bus_pio_spi.c.obj
                0x10012390                cyw43_spi_transfer
 .text.cyw43_spi_gpio_setup
                0x10012770       0x3c CMakeFiles/joystick.dir/home/emileny/.pico-sdk/sdk/1.5.1/src/rp2_common/pico_cyw43_driver/cyw43_bus_pio_spi.c.obj
                0x10012770                cyw43_spi_gpio_setup
 .text.cyw43_spi_reset
                0x100127ac       0x28 CMakeFiles/joystick.dir/home/emileny/.pico-sdk/sdk/1.5.1/src/rp2_common/pico_cyw43_driver/cyw43_bus_pio_spi.c.obj
                0x100127ac                cyw43_spi_reset
 .text.read_reg_u32_swap
                0x100127d4       0x3c CMakeFiles/joystick.dir/home/emileny/.pico-sdk/sdk/1.5.1/src/rp2_common/pico_cyw43_driver/cyw43_bus_pio_spi.c.obj
                0x100127d4                read_reg_u32_swap
 .text.cyw43_read_reg_u32
                0x10012810       0x50 CMakeFiles/joystick.dir/home/emileny/.pico-sdk/sdk/1.5.1/src/rp2_common/pico_cyw43_driver/cyw43_bus_pio_spi.c.obj
                0x10012810                cyw43_read_reg_u32
 .text.cyw43_read_reg_u16
                0x10012860       0x50 CMakeFiles/joystick.dir/home/emileny/.pico-sdk/sdk/1.5.1/src/rp2_common/pico_cyw43_driver/cyw43_bus_pio_spi.c.obj
                0x10012860                cyw43_read_reg_u16
 .text.cyw43_read_reg_u8
                0x100128b0       0x50 CMakeFiles/joystick.dir/home/emileny/.pico-sdk/sdk/1.5.1/src/rp2_common/pico_cyw43_driver/cyw43_bus_pio_spi.c.obj
                0x100128b0                cyw43_read_reg_u8